Archive member included to satisfy reference by file (symbol)

/home/goma/st/stm32cubeide_1.19.0/plugins/com.st.stm32cube.ide.mcu.externaltools.gnu-tools-for-stm32.13.3.rel1.linux64_1.0.0.202410170706/tools/bin/../lib/gcc/arm-none-eabi/13.3.1/../../../../arm-none-eabi/lib/thumb/v7e-m+fp/hard/libc_nano.a(libc_a-exit.o)
                              /home/goma/st/stm32cubeide_1.19.0/plugins/com.st.stm32cube.ide.mcu.externaltools.gnu-tools-for-stm32.13.3.rel1.linux64_1.0.0.202410170706/tools/bin/../lib/gcc/arm-none-eabi/13.3.1/../../../../arm-none-eabi/lib/thumb/v7e-m+fp/hard/crt0.o (exit)
/home/goma/st/stm32cubeide_1.19.0/plugins/com.st.stm32cube.ide.mcu.externaltools.gnu-tools-for-stm32.13.3.rel1.linux64_1.0.0.202410170706/tools/bin/../lib/gcc/arm-none-eabi/13.3.1/../../../../arm-none-eabi/lib/thumb/v7e-m+fp/hard/libc_nano.a(libc_a-findfp.o)
                              /home/goma/st/stm32cubeide_1.19.0/plugins/com.st.stm32cube.ide.mcu.externaltools.gnu-tools-for-stm32.13.3.rel1.linux64_1.0.0.202410170706/tools/bin/../lib/gcc/arm-none-eabi/13.3.1/../../../../arm-none-eabi/lib/thumb/v7e-m+fp/hard/libc_nano.a(libc_a-exit.o) (__stdio_exit_handler)
/home/goma/st/stm32cubeide_1.19.0/plugins/com.st.stm32cube.ide.mcu.externaltools.gnu-tools-for-stm32.13.3.rel1.linux64_1.0.0.202410170706/tools/bin/../lib/gcc/arm-none-eabi/13.3.1/../../../../arm-none-eabi/lib/thumb/v7e-m+fp/hard/libc_nano.a(libc_a-fwalk.o)
                              /home/goma/st/stm32cubeide_1.19.0/plugins/com.st.stm32cube.ide.mcu.externaltools.gnu-tools-for-stm32.13.3.rel1.linux64_1.0.0.202410170706/tools/bin/../lib/gcc/arm-none-eabi/13.3.1/../../../../arm-none-eabi/lib/thumb/v7e-m+fp/hard/libc_nano.a(libc_a-findfp.o) (_fwalk_sglue)
/home/goma/st/stm32cubeide_1.19.0/plugins/com.st.stm32cube.ide.mcu.externaltools.gnu-tools-for-stm32.13.3.rel1.linux64_1.0.0.202410170706/tools/bin/../lib/gcc/arm-none-eabi/13.3.1/../../../../arm-none-eabi/lib/thumb/v7e-m+fp/hard/libc_nano.a(libc_a-stdio.o)
                              /home/goma/st/stm32cubeide_1.19.0/plugins/com.st.stm32cube.ide.mcu.externaltools.gnu-tools-for-stm32.13.3.rel1.linux64_1.0.0.202410170706/tools/bin/../lib/gcc/arm-none-eabi/13.3.1/../../../../arm-none-eabi/lib/thumb/v7e-m+fp/hard/libc_nano.a(libc_a-findfp.o) (__sread)
/home/goma/st/stm32cubeide_1.19.0/plugins/com.st.stm32cube.ide.mcu.externaltools.gnu-tools-for-stm32.13.3.rel1.linux64_1.0.0.202410170706/tools/bin/../lib/gcc/arm-none-eabi/13.3.1/../../../../arm-none-eabi/lib/thumb/v7e-m+fp/hard/libc_nano.a(libc_a-memset.o)
                              /home/goma/st/stm32cubeide_1.19.0/plugins/com.st.stm32cube.ide.mcu.externaltools.gnu-tools-for-stm32.13.3.rel1.linux64_1.0.0.202410170706/tools/bin/../lib/gcc/arm-none-eabi/13.3.1/../../../../arm-none-eabi/lib/thumb/v7e-m+fp/hard/crt0.o (memset)
/home/goma/st/stm32cubeide_1.19.0/plugins/com.st.stm32cube.ide.mcu.externaltools.gnu-tools-for-stm32.13.3.rel1.linux64_1.0.0.202410170706/tools/bin/../lib/gcc/arm-none-eabi/13.3.1/../../../../arm-none-eabi/lib/thumb/v7e-m+fp/hard/libc_nano.a(libc_a-closer.o)
                              /home/goma/st/stm32cubeide_1.19.0/plugins/com.st.stm32cube.ide.mcu.externaltools.gnu-tools-for-stm32.13.3.rel1.linux64_1.0.0.202410170706/tools/bin/../lib/gcc/arm-none-eabi/13.3.1/../../../../arm-none-eabi/lib/thumb/v7e-m+fp/hard/libc_nano.a(libc_a-stdio.o) (_close_r)
/home/goma/st/stm32cubeide_1.19.0/plugins/com.st.stm32cube.ide.mcu.externaltools.gnu-tools-for-stm32.13.3.rel1.linux64_1.0.0.202410170706/tools/bin/../lib/gcc/arm-none-eabi/13.3.1/../../../../arm-none-eabi/lib/thumb/v7e-m+fp/hard/libc_nano.a(libc_a-reent.o)
                              /home/goma/st/stm32cubeide_1.19.0/plugins/com.st.stm32cube.ide.mcu.externaltools.gnu-tools-for-stm32.13.3.rel1.linux64_1.0.0.202410170706/tools/bin/../lib/gcc/arm-none-eabi/13.3.1/../../../../arm-none-eabi/lib/thumb/v7e-m+fp/hard/libc_nano.a(libc_a-closer.o) (errno)
/home/goma/st/stm32cubeide_1.19.0/plugins/com.st.stm32cube.ide.mcu.externaltools.gnu-tools-for-stm32.13.3.rel1.linux64_1.0.0.202410170706/tools/bin/../lib/gcc/arm-none-eabi/13.3.1/../../../../arm-none-eabi/lib/thumb/v7e-m+fp/hard/libc_nano.a(libc_a-impure.o)
                              /home/goma/st/stm32cubeide_1.19.0/plugins/com.st.stm32cube.ide.mcu.externaltools.gnu-tools-for-stm32.13.3.rel1.linux64_1.0.0.202410170706/tools/bin/../lib/gcc/arm-none-eabi/13.3.1/../../../../arm-none-eabi/lib/thumb/v7e-m+fp/hard/libc_nano.a(libc_a-reent.o) (_impure_ptr)
/home/goma/st/stm32cubeide_1.19.0/plugins/com.st.stm32cube.ide.mcu.externaltools.gnu-tools-for-stm32.13.3.rel1.linux64_1.0.0.202410170706/tools/bin/../lib/gcc/arm-none-eabi/13.3.1/../../../../arm-none-eabi/lib/thumb/v7e-m+fp/hard/libc_nano.a(libc_a-lseekr.o)
[...]
Memory Configuration

Name             Origin             Length             Attributes
RAM              0x20000000         0x00020000         xrw
FLASH            0x08000000         0x00080000         xr
*default*        0x00000000         0xffffffff

Linker script and memory map

LOAD /home/goma/st/stm32cubeide_1.19.0/plugins/com.st.stm32cube.ide.mcu.externaltools.gnu-tools-for-stm32.13.3.rel1.linux64_1.0.0.202410170706/tools/bin/../lib/gcc/arm-none-eabi/13.3.1/thumb/v7e-m+fp/hard/crti.o
LOAD /home/goma/st/stm32cubeide_1.19.0/plugins/com.st.stm32cube.ide.mcu.externaltools.gnu-tools-for-stm32.13.3.rel1.linux64_1.0.0.202410170706/tools/bin/../lib/gcc/arm-none-eabi/13.3.1/thumb/v7e-m+fp/hard/crtbegin.o
LOAD /home/goma/st/stm32cubeide_1.19.0/plugins/com.st.stm32cube.ide.mcu.externaltools.gnu-tools-for-stm32.13.3.rel1.linux64_1.0.0.202410170706/tools/bin/../lib/gcc/arm-none-eabi/13.3.1/../../../../arm-none-eabi/lib/thumb/v7e-m+fp/hard/crt0.o
LOAD ./Core/Src/apf_c_caller.o
LOAD ./Core/Src/bpf_c_caller.o
LOAD ./Core/Src/bsf_c_caller.o
LOAD ./Core/Src/hpf_c_caller.o
LOAD ./Core/Src/lpf_c_caller.o
LOAD ./Core/Src/main.o
LOAD ./Core/Src/stm32g4xx_hal_msp.o
LOAD ./Core/Src/stm32g4xx_it.o
LOAD ./Core/Src/syscalls.o
LOAD ./Core/Src/sysmem.o
LOAD ./Core/Src/system_stm32g4xx.o
LOAD ./Core/Startup/startup_stm32g474retx.o
LOAD ./Drivers/BSP/STM32G4xx_Nucleo/stm32g4xx_nucleo.o
LOAD ./Drivers/STM32G4xx_HAL_Driver/Src/stm32g4xx_hal.o
LOAD ./Drivers/STM32G4xx_HAL_Driver/Src/stm32g4xx_hal_adc.o
LOAD ./Drivers/STM32G4xx_HAL_Driver/Src/stm32g4xx_hal_adc_ex.o
LOAD ./Drivers/STM32G4xx_HAL_Driver/Src/stm32g4xx_hal_cortex.o
LOAD ./Drivers/STM32G4xx_HAL_Driver/Src/stm32g4xx_hal_dac.o
LOAD ./Drivers/STM32G4xx_HAL_Driver/Src/stm32g4xx_hal_dac_ex.o
LOAD ./Drivers/STM32G4xx_HAL_Driver/Src/stm32g4xx_hal_dma.o
LOAD ./Drivers/STM32G4xx_HAL_Driver/Src/stm32g4xx_hal_dma_ex.o
LOAD ./Drivers/STM32G4xx_HAL_Driver/Src/stm32g4xx_hal_exti.o
LOAD ./Drivers/STM32G4xx_HAL_Driver/Src/stm32g4xx_hal_flash.o
LOAD ./Drivers/STM32G4xx_HAL_Driver/Src/stm32g4xx_hal_flash_ex.o
LOAD ./Drivers/STM32G4xx_HAL_Driver/Src/stm32g4xx_hal_flash_ramfunc.o
LOAD ./Drivers/STM32G4xx_HAL_Driver/Src/stm32g4xx_hal_gpio.o
LOAD ./Drivers/STM32G4xx_HAL_Driver/Src/stm32g4xx_hal_pwr.o
LOAD ./Drivers/STM32G4xx_HAL_Driver/Src/stm32g4xx_hal_pwr_ex.o
LOAD ./Drivers/STM32G4xx_HAL_Driver/Src/stm32g4xx_hal_rcc.o
LOAD ./Drivers/STM32G4xx_HAL_Driver/Src/stm32g4xx_hal_rcc_ex.o
LOAD ./Drivers/STM32G4xx_HAL_Driver/Src/stm32g4xx_hal_tim.o
LOAD ./Drivers/STM32G4xx_HAL_Driver/Src/stm32g4xx_hal_tim_ex.o
LOAD ./Drivers/STM32G4xx_HAL_Driver/Src/stm32g4xx_hal_uart.o
LOAD ./Drivers/STM32G4xx_HAL_Driver/Src/stm32g4xx_hal_uart_ex.o
LOAD ./Drivers/STM32G4xx_HAL_Driver/Src/stm32g4xx_hal_usart.o
LOAD ./Drivers/STM32G4xx_HAL_Driver/Src/stm32g4xx_hal_usart_ex.o
LOAD ./Drivers/STM32G4xx_HAL_Driver/Src/stm32g4xx_ll_adc.o
START GROUP
LOAD /home/goma/st/stm32cubeide_1.19.0/plugins/com.st.stm32cube.ide.mcu.externaltools.gnu-tools-for-stm32.13.3.rel1.linux64_1.0.0.202410170706/tools/bin/../lib/gcc/arm-none-eabi/13.3.1/../../../../arm-none-eabi/lib/thumb/v7e-m+fp/hard/libc_nano.a
LOAD /home/goma/st/stm32cubeide_1.19.0/plugins/com.st.stm32cube.ide.mcu.externaltools.gnu-tools-for-stm32.13.3.rel1.linux64_1.0.0.202410170706/tools/bin/../lib/gcc/arm-none-eabi/13.3.1/../../../../arm-none-eabi/lib/thumb/v7e-m+fp/hard/libm.a
END GROUP
START GROUP
LOAD /home/goma/st/stm32cubeide_1.19.0/plugins/com.st.stm32cube.ide.mcu.externaltools.gnu-tools-for-stm32.13.3.rel1.linux64_1.0.0.202410170706/tools/bin/../lib/gcc/arm-none-eabi/13.3.1/thumb/v7e-m+fp/hard/libgcc.a
LOAD /home/goma/st/stm32cubeide_1.19.0/plugins/com.st.stm32cube.ide.mcu.externaltools.gnu-tools-for-stm32.13.3.rel1.linux64_1.0.0.202410170706/tools/bin/../lib/gcc/arm-none-eabi/13.3.1/../../../../arm-none-eabi/lib/thumb/v7e-m+fp/hard/libc_nano.a
END GROUP
START GROUP
LOAD /home/goma/st/stm32cubeide_1.19.0/plugins/com.st.stm32cube.ide.mcu.externaltools.gnu-tools-for-stm32.13.3.rel1.linux64_1.0.0.202410170706/tools/bin/../lib/gcc/arm-none-eabi/13.3.1/thumb/v7e-m+fp/hard/libgcc.a
LOAD /home/goma/st/stm32cubeide_1.19.0/plugins/com.st.stm32cube.ide.mcu.externaltools.gnu-tools-for-stm32.13.3.rel1.linux64_1.0.0.202410170706/tools/bin/../lib/gcc/arm-none-eabi/13.3.1/../../../../arm-none-eabi/lib/thumb/v7e-m+fp/hard/libc_nano.a
LOAD /home/goma/st/stm32cubeide_1.19.0/plugins/com.st.stm32cube.ide.mcu.externaltools.gnu-tools-for-stm32.13.3.rel1.linux64_1.0.0.202410170706/tools/bin/../lib/gcc/arm-none-eabi/13.3.1/../../../../arm-none-eabi/lib/thumb/v7e-m+fp/hard/libnosys.a
END GROUP
START GROUP
LOAD /home/goma/st/stm32cubeide_1.19.0/plugins/com.st.stm32cube.ide.mcu.externaltools.gnu-tools-for-stm32.13.3.rel1.linux64_1.0.0.202410170706/tools/bin/../lib/gcc/arm-none-eabi/13.3.1/thumb/v7e-m+fp/hard/libgcc.a
LOAD /home/goma/st/stm32cubeide_1.19.0/plugins/com.st.stm32cube.ide.mcu.externaltools.gnu-tools-for-stm32.13.3.rel1.linux64_1.0.0.202410170706/tools/bin/../lib/gcc/arm-none-eabi/13.3.1/../../../../arm-none-eabi/lib/thumb/v7e-m+fp/hard/libc_nano.a
LOAD /home/goma/st/stm32cubeide_1.19.0/plugins/com.st.stm32cube.ide.mcu.externaltools.gnu-tools-for-stm32.13.3.rel1.linux64_1.0.0.202410170706/tools/bin/../lib/gcc/arm-none-eabi/13.3.1/../../../../arm-none-eabi/lib/thumb/v7e-m+fp/hard/libnosys.a
END GROUP
LOAD /home/goma/st/stm32cubeide_1.19.0/plugins/com.st.stm32cube.ide.mcu.externaltools.gnu-tools-for-stm32.13.3.rel1.linux64_1.0.0.202410170706/tools/bin/../lib/gcc/arm-none-eabi/13.3.1/thumb/v7e-m+fp/hard/crtend.o
LOAD /home/goma/st/stm32cubeide_1.19.0/plugins/com.st.stm32cube.ide.mcu.externaltools.gnu-tools-for-stm32.13.3.rel1.linux64_1.0.0.202410170706/tools/bin/../lib/gcc/arm-none-eabi/13.3.1/thumb/v7e-m+fp/hard/crtn.o
                0x20020000                        _estack = (ORIGIN (RAM) + LENGTH (RAM))
                0x00000200                        _Min_Heap_Size = 0x200
                0x00000400                        _Min_Stack_Size = 0x400

.isr_vector     0x08000000      0x1d8
                0x08000000                        . = ALIGN (0x4)
 *(.isr_vector)
 .isr_vector    0x08000000      0x1d8 ./Core/Startup/startup_stm32g474retx.o
                0x08000000                g_pfnVectors
                0x080001d8                        . = ALIGN (0x4)

.text           0x080001d8     0x68bc
                0x080001d8                        . = ALIGN (0x4)
 *(.text)
 .text          0x080001d8       0x40 /home/goma/st/stm32cubeide_1.19.0/plugins/com.st.stm32cube.ide.mcu.externaltools.gnu-tools-for-stm32.13.3.rel1.linux64_1.0.0.202410170706/tools/bin/../lib/gcc/arm-none-eabi/13.3.1/thumb/v7e-m+fp/hard/crtbegin.o
 .text          0x08000218      0x378 /home/goma/st/stm32cubeide_1.19.0/plugins/com.st.stm32cube.ide.mcu.externaltools.gnu-tools-for-stm32.13.3.rel1.linux64_1.0.0.202410170706/tools/bin/../lib/gcc/arm-none-eabi/13.3.1/thumb/v7e-m+fp/hard/libgcc.a(_arm_addsubdf3.o)
                0x08000218                __aeabi_drsub
                0x08000220                __aeabi_dsub
                0x08000220                __subdf3
                0x08000224                __adddf3
                0x08000224                __aeabi_dadd
                0x0800049c                __aeabi_ui2d
                0x0800049c                __floatunsidf
                0x080004bc                __floatsidf
                0x080004bc                __aeabi_i2d
                0x080004e0                __extendsfdf2
                0x080004e0                __aeabi_f2d
                0x08000524                __aeabi_ul2d
                0x08000524                __floatundidf
                0x08000534                __floatdidf
                0x08000534                __aeabi_l2d
 .text          0x08000590      0x424 /home/goma/st/stm32cubeide_1.19.0/plugins/com.st.stm32cube.ide.mcu.externaltools.gnu-tools-for-stm32.13.3.rel1.linux64_1.0.0.202410170706/tools/bin/../lib/gcc/arm-none-eabi/13.3.1/thumb/v7e-m+fp/hard/libgcc.a(_arm_muldivdf3.o)
                0x08000590                __aeabi_dmul
                0x08000590                __muldf3
                0x080007e4                __aeabi_ddiv
                0x080007e4                __divdf3
 .text          0x080009b4      0x110 /home/goma/st/stm32cubeide_1.19.0/plugins/com.st.stm32cube.ide.mcu.externaltools.gnu-tools-for-stm32.13.3.rel1.linux64_1.0.0.202410170706/tools/bin/../lib/gcc/arm-none-eabi/13.3.1/thumb/v7e-m+fp/hard/libgcc.a(_arm_cmpdf2.o)
                0x080009b4                __gtdf2
                0x080009b4                __gedf2
                0x080009bc                __ltdf2
                0x080009bc                __ledf2
                0x080009c4                __cmpdf2
                0x080009c4                __eqdf2
                0x080009c4                __nedf2
                0x08000a40                __aeabi_cdrcmple
                0x08000a50                __aeabi_cdcmple
                0x08000a50                __aeabi_cdcmpeq
                0x08000a60                __aeabi_dcmpeq
                0x08000a74                __aeabi_dcmplt
                0x08000a88                __aeabi_dcmple
                0x08000a9c                __aeabi_dcmpge
                0x08000ab0                __aeabi_dcmpgt
 .text          0x08000ac4       0x40 /home/goma/st/stm32cubeide_1.19.0/plugins/com.st.stm32cube.ide.mcu.externaltools.gnu-tools-for-stm32.13.3.rel1.linux64_1.0.0.202410170706/tools/bin/../lib/gcc/arm-none-eabi/13.3.1/thumb/v7e-m+fp/hard/libgcc.a(_arm_fixunsdfsi.o)
                0x08000ac4                __fixunsdfsi
                0x08000ac4                __aeabi_d2uiz
 .text          0x08000b04       0x30 /home/goma/st/stm32cubeide_1.19.0/plugins/com.st.stm32cube.ide.mcu.externaltools.gnu-tools-for-stm32.13.3.rel1.linux64_1.0.0.202410170706/tools/bin/../lib/gcc/arm-none-eabi/13.3.1/thumb/v7e-m+fp/hard/libgcc.a(_aeabi_uldivmod.o)
                0x08000b04                __aeabi_uldivmod
 .text          0x08000b34      0x2f8 /home/goma/st/stm32cubeide_1.19.0/plugins/com.st.stm32cube.ide.mcu.externaltools.gnu-tools-for-stm32.13.3.rel1.linux64_1.0.0.202410170706/tools/bin/../lib/gcc/arm-none-eabi/13.3.1/thumb/v7e-m+fp/hard/libgcc.a(_udivmoddi4.o)
                0x08000b34                __udivmoddi4
 .text          0x08000e2c        0x4 /home/goma/st/stm32cubeide_1.19.0/plugins/com.st.stm32cube.ide.mcu.externaltools.gnu-tools-for-stm32.13.3.rel1.linux64_1.0.0.202410170706/tools/bin/../lib/gcc/arm-none-eabi/13.3.1/thumb/v7e-m+fp/hard/libgcc.a(_dvmd_tls.o)
                0x08000e2c                __aeabi_ldiv0
                0x08000e2c                __aeabi_idiv0
 *(.text*)
 .text.apf_reset
                0x08000e30       0x34 ./Core/Src/apf_c_caller.o
                0x08000e30                apf_reset
 *fill*         0x08000e64        0x4 
 .text.apf_step
                0x08000e68       0xb4 ./Core/Src/apf_c_caller.o
                0x08000e68                apf_step
 .text.bpf_reset
                0x08000f1c       0x54 ./Core/Src/bpf_c_caller.o
                0x08000f1c                bpf_reset
 .text.bpf_step
                0x08000f70      0x128 ./Core/Src/bpf_c_caller.o
                0x08000f70                bpf_step
 .text.bsf_reset
                0x08001098       0x54 ./Core/Src/bsf_c_caller.o
                0x08001098                bsf_reset
 *fill*         0x080010ec        0x4 
 .text.bsf_step
                0x080010f0      0x120 ./Core/Src/bsf_c_caller.o
                0x080010f0                bsf_step
 .text.hpf_reset
                0x08001210       0x34 ./Core/Src/hpf_c_caller.o
                0x08001210                hpf_reset
 *fill*         0x08001244        0x4 
 .text.hpf_step
                0x08001248       0xb8 ./Core/Src/hpf_c_caller.o
                0x08001248                hpf_step
 .text.lpf_reset
                0x08001300       0x34 ./Core/Src/lpf_c_caller.o
                0x08001300                lpf_reset
 *fill*         0x08001334        0x4 
 .text.lpf_step
                0x08001338       0xb0 ./Core/Src/lpf_c_caller.o
                0x08001338                lpf_step
 .text.main     0x080013e8       0xb8 ./Core/Src/main.o
                0x080013e8                main
 .text.SystemClock_Config
                0x080014a0       0x96 ./Core/Src/main.o
                0x080014a0                SystemClock_Config
 *fill*         0x08001536        0x2 
 .text.MX_ADC1_Init
                0x08001538       0xf4 ./Core/Src/main.o
 .text.MX_DAC1_Init
                0x0800162c       0x74 ./Core/Src/main.o
 .text.MX_TIM1_Init
                0x080016a0       0xa4 ./Core/Src/main.o
 .text.MX_GPIO_Init
                0x08001744       0x78 ./Core/Src/main.o
 *fill*         0x080017bc        0x4 
 .text.HAL_ADC_ConvCpltCallback
                0x080017c0      0x1e0 ./Core/Src/main.o
                0x080017c0                HAL_ADC_ConvCpltCallback
 .text.Error_Handler
                0x080019a0        0xc ./Core/Src/main.o
                0x080019a0                Error_Handler
 .text.HAL_MspInit
                0x080019ac       0x48 ./Core/Src/stm32g4xx_hal_msp.o
                0x080019ac                HAL_MspInit
 .text.HAL_ADC_MspInit
                0x080019f4       0xb8 ./Core/Src/stm32g4xx_hal_msp.o
                0x080019f4                HAL_ADC_MspInit
 .text.HAL_DAC_MspInit
                0x08001aac       0x7c ./Core/Src/stm32g4xx_hal_msp.o
                0x08001aac                HAL_DAC_MspInit
 .text.HAL_TIM_Base_MspInit
                0x08001b28       0x40 ./Core/Src/stm32g4xx_hal_msp.o
                0x08001b28                HAL_TIM_Base_MspInit
 .text.NMI_Handler
                0x08001b68        0x8 ./Core/Src/stm32g4xx_it.o
                0x08001b68                NMI_Handler
 .text.HardFault_Handler
                0x08001b70        0x8 ./Core/Src/stm32g4xx_it.o
                0x08001b70                HardFault_Handler
 .text.MemManage_Handler
                0x08001b78        0x8 ./Core/Src/stm32g4xx_it.o
                0x08001b78                MemManage_Handler
 .text.BusFault_Handler
                0x08001b80        0x8 ./Core/Src/stm32g4xx_it.o
                0x08001b80                BusFault_Handler
 .text.UsageFault_Handler
                0x08001b88        0x8 ./Core/Src/stm32g4xx_it.o
                0x08001b88                UsageFault_Handler
 .text.SVC_Handler
                0x08001b90        0xe ./Core/Src/stm32g4xx_it.o
                0x08001b90                SVC_Handler
 .text.DebugMon_Handler
                0x08001b9e        0xe ./Core/Src/stm32g4xx_it.o
                0x08001b9e                DebugMon_Handler
 .text.PendSV_Handler
                0x08001bac        0xe ./Core/Src/stm32g4xx_it.o
                0x08001bac                PendSV_Handler
 .text.SysTick_Handler
                0x08001bba        0xc ./Core/Src/stm32g4xx_it.o
                0x08001bba                SysTick_Handler
 *fill*         0x08001bc6        0x2 
 .text.ADC1_2_IRQHandler
                0x08001bc8       0x14 ./Core/Src/stm32g4xx_it.o
                0x08001bc8                ADC1_2_IRQHandler
 .text.EXTI15_10_IRQHandler
                0x08001bdc        0xe ./Core/Src/stm32g4xx_it.o
                0x08001bdc                EXTI15_10_IRQHandler
 *fill*         0x08001bea        0x2 
 .text.SystemInit
                0x08001bec       0x24 ./Core/Src/system_stm32g4xx.o
                0x08001bec                SystemInit
 .text.Reset_Handler
                0x08001c10       0x50 ./Core/Startup/startup_stm32g474retx.o
                0x08001c10                Reset_Handler
 .text.Default_Handler
                0x08001c60        0x2 ./Core/Startup/startup_stm32g474retx.o
                0x08001c60                RTC_Alarm_IRQHandler
                0x08001c60                EXTI2_IRQHandler
                0x08001c60                TIM8_TRG_COM_IRQHandler
                0x08001c60                TIM8_CC_IRQHandler
                0x08001c60                HRTIM1_Master_IRQHandler
                0x08001c60                SPI4_IRQHandler
                0x08001c60                FDCAN3_IT0_IRQHandler
                0x08001c60                TIM1_CC_IRQHandler
                0x08001c60                HRTIM1_FLT_IRQHandler
                0x08001c60                HRTIM1_TIMF_IRQHandler
                0x08001c60                USB_HP_IRQHandler
                0x08001c60                CORDIC_IRQHandler
                0x08001c60                HRTIM1_TIMD_IRQHandler
                0x08001c60                DMA2_Channel8_IRQHandler
                0x08001c60                EXTI3_IRQHandler
                0x08001c60                I2C3_ER_IRQHandler
                0x08001c60                EXTI0_IRQHandler
                0x08001c60                I2C2_EV_IRQHandler
                0x08001c60                FPU_IRQHandler
                0x08001c60                FDCAN1_IT1_IRQHandler
                0x08001c60                TIM1_UP_TIM16_IRQHandler
                0x08001c60                HRTIM1_TIME_IRQHandler
                0x08001c60                SPI1_IRQHandler
                0x08001c60                TIM6_DAC_IRQHandler
                0x08001c60                HRTIM1_TIMC_IRQHandler
                0x08001c60                TIM8_UP_IRQHandler
                0x08001c60                DMA2_Channel2_IRQHandler
                0x08001c60                DMA1_Channel4_IRQHandler
                0x08001c60                TIM20_TRG_COM_IRQHandler
                0x08001c60                USART3_IRQHandler
                0x08001c60                DMA1_Channel7_IRQHandler
                0x08001c60                UART5_IRQHandler
                0x08001c60                ADC3_IRQHandler
                0x08001c60                TIM4_IRQHandler
                0x08001c60                DMA2_Channel1_IRQHandler
                0x08001c60                QUADSPI_IRQHandler
                0x08001c60                I2C1_EV_IRQHandler
                0x08001c60                DMA1_Channel6_IRQHandler
                0x08001c60                UART4_IRQHandler
                0x08001c60                DMA2_Channel4_IRQHandler
                0x08001c60                TIM3_IRQHandler
                0x08001c60                RCC_IRQHandler
                0x08001c60                TIM20_UP_IRQHandler
                0x08001c60                DMA1_Channel1_IRQHandler
                0x08001c60                Default_Handler
                0x08001c60                DMA2_Channel7_IRQHandler
                0x08001c60                RTC_TAMP_LSECSS_IRQHandler
                0x08001c60                FMAC_IRQHandler
                0x08001c60                DMA1_Channel8_IRQHandler
                0x08001c60                HRTIM1_TIMA_IRQHandler
                0x08001c60                TIM7_DAC_IRQHandler
                0x08001c60                FDCAN3_IT1_IRQHandler
                0x08001c60                TIM5_IRQHandler
                0x08001c60                UCPD1_IRQHandler
                0x08001c60                I2C3_EV_IRQHandler
                0x08001c60                EXTI9_5_IRQHandler
                0x08001c60                RTC_WKUP_IRQHandler
                0x08001c60                PVD_PVM_IRQHandler
                0x08001c60                SPI2_IRQHandler
                0x08001c60                ADC5_IRQHandler
                0x08001c60                DMA2_Channel5_IRQHandler
                0x08001c60                CRS_IRQHandler
                0x08001c60                DMA1_Channel5_IRQHandler
                0x08001c60                USB_LP_IRQHandler
                0x08001c60                EXTI4_IRQHandler
                0x08001c60                RNG_IRQHandler
                0x08001c60                HRTIM1_TIMB_IRQHandler
                0x08001c60                TIM1_TRG_COM_TIM17_IRQHandler
                0x08001c60                FDCAN2_IT1_IRQHandler
                0x08001c60                DMA1_Channel3_IRQHandler
                0x08001c60                ADC4_IRQHandler
                0x08001c60                WWDG_IRQHandler
                0x08001c60                I2C4_EV_IRQHandler
                0x08001c60                FDCAN2_IT0_IRQHandler
                0x08001c60                LPUART1_IRQHandler
                0x08001c60                DMA2_Channel6_IRQHandler
                0x08001c60                FDCAN1_IT0_IRQHandler
                0x08001c60                TIM2_IRQHandler
                0x08001c60                COMP7_IRQHandler
                0x08001c60                COMP1_2_3_IRQHandler
                0x08001c60                EXTI1_IRQHandler
                0x08001c60                USART2_IRQHandler
                0x08001c60                COMP4_5_6_IRQHandler
                0x08001c60                TIM20_BRK_IRQHandler
                0x08001c60                I2C2_ER_IRQHandler
                0x08001c60                DMA1_Channel2_IRQHandler
                0x08001c60                TIM8_BRK_IRQHandler
                0x08001c60                FLASH_IRQHandler
                0x08001c60                TIM20_CC_IRQHandler
                0x08001c60                USART1_IRQHandler
                0x08001c60                SPI3_IRQHandler
                0x08001c60                I2C1_ER_IRQHandler
                0x08001c60                FMC_IRQHandler
                0x08001c60                LPTIM1_IRQHandler
                0x08001c60                DMAMUX_OVR_IRQHandler
                0x08001c60                I2C4_ER_IRQHandler
                0x08001c60                USBWakeUp_IRQHandler
                0x08001c60                SAI1_IRQHandler
                0x08001c60                DMA2_Channel3_IRQHandler
                0x08001c60                TIM1_BRK_TIM15_IRQHandler
 *fill*         0x08001c62        0x2 
 .text.BSP_LED_Init
                0x08001c64       0x6c ./Drivers/BSP/STM32G4xx_Nucleo/stm32g4xx_nucleo.o
                0x08001c64                BSP_LED_Init
 .text.BSP_PB_Init
                0x08001cd0       0xdc ./Drivers/BSP/STM32G4xx_Nucleo/stm32g4xx_nucleo.o
                0x08001cd0                BSP_PB_Init
 .text.BSP_PB_IRQHandler
                0x08001dac       0x24 ./Drivers/BSP/STM32G4xx_Nucleo/stm32g4xx_nucleo.o
                0x08001dac                BSP_PB_IRQHandler
 .text.BSP_PB_Callback
                0x08001dd0       0x16 ./Drivers/BSP/STM32G4xx_Nucleo/stm32g4xx_nucleo.o
                0x08001dd0                BSP_PB_Callback
 *fill*         0x08001de6        0x2 
 .text.BSP_COM_Init
                0x08001de8       0x60 ./Drivers/BSP/STM32G4xx_Nucleo/stm32g4xx_nucleo.o
                0x08001de8                BSP_COM_Init
 .text.MX_LPUART1_Init
                0x08001e48       0x64 ./Drivers/BSP/STM32G4xx_Nucleo/stm32g4xx_nucleo.o
                0x08001e48                MX_LPUART1_Init
 .text.BUTTON_USER_EXTI_Callback
                0x08001eac        0xe ./Drivers/BSP/STM32G4xx_Nucleo/stm32g4xx_nucleo.o
 *fill*         0x08001eba        0x2 
 .text.COM1_MspInit
                0x08001ebc       0x98 ./Drivers/BSP/STM32G4xx_Nucleo/stm32g4xx_nucleo.o
 .text.HAL_Init
                0x08001f54       0x30 ./Drivers/STM32G4xx_HAL_Driver/Src/stm32g4xx_hal.o
                0x08001f54                HAL_Init
 .text.HAL_InitTick
                0x08001f84       0x74 ./Drivers/STM32G4xx_HAL_Driver/Src/stm32g4xx_hal.o
                0x08001f84                HAL_InitTick
 .text.HAL_IncTick
                0x08001ff8       0x24 ./Drivers/STM32G4xx_HAL_Driver/Src/stm32g4xx_hal.o
                0x08001ff8                HAL_IncTick
 .text.HAL_GetTick
                0x0800201c       0x18 ./Drivers/STM32G4xx_HAL_Driver/Src/stm32g4xx_hal.o
                0x0800201c                HAL_GetTick
 .text.LL_ADC_SetCommonClock
                0x08002034       0x26 ./Drivers/STM32G4xx_HAL_Driver/Src/stm32g4xx_hal_adc.o
 .text.LL_ADC_SetCommonPathInternalCh
                0x0800205a       0x26 ./Drivers/STM32G4xx_HAL_Driver/Src/stm32g4xx_hal_adc.o
 .text.LL_ADC_GetCommonPathInternalCh
                0x08002080       0x1c ./Drivers/STM32G4xx_HAL_Driver/Src/stm32g4xx_hal_adc.o
 .text.LL_ADC_SetOffset
                0x0800209c       0x48 ./Drivers/STM32G4xx_HAL_Driver/Src/stm32g4xx_hal_adc.o
 .text.LL_ADC_GetOffsetChannel
                0x080020e4       0x2c ./Drivers/STM32G4xx_HAL_Driver/Src/stm32g4xx_hal_adc.o
 .text.LL_ADC_SetOffsetState
                0x08002110       0x36 ./Drivers/STM32G4xx_HAL_Driver/Src/stm32g4xx_hal_adc.o
 .text.LL_ADC_SetOffsetSign
                0x08002146       0x36 ./Drivers/STM32G4xx_HAL_Driver/Src/stm32g4xx_hal_adc.o
 .text.LL_ADC_SetOffsetSaturation
                0x0800217c       0x36 ./Drivers/STM32G4xx_HAL_Driver/Src/stm32g4xx_hal_adc.o
 .text.LL_ADC_SetSamplingTimeCommonConfig
                0x080021b2       0x26 ./Drivers/STM32G4xx_HAL_Driver/Src/stm32g4xx_hal_adc.o
 .text.LL_ADC_REG_IsTriggerSourceSWStart
                0x080021d8       0x26 ./Drivers/STM32G4xx_HAL_Driver/Src/stm32g4xx_hal_adc.o
 .text.LL_ADC_REG_SetSequencerRanks
                0x080021fe       0x58 ./Drivers/STM32G4xx_HAL_Driver/Src/stm32g4xx_hal_adc.o
 .text.LL_ADC_INJ_IsTriggerSourceSWStart
                0x08002256       0x26 ./Drivers/STM32G4xx_HAL_Driver/Src/stm32g4xx_hal_adc.o
 .text.LL_ADC_SetChannelSamplingTime
                0x0800227c       0x56 ./Drivers/STM32G4xx_HAL_Driver/Src/stm32g4xx_hal_adc.o
 *fill*         0x080022d2        0x2 
 .text.LL_ADC_SetChannelSingleDiff
                0x080022d4       0x48 ./Drivers/STM32G4xx_HAL_Driver/Src/stm32g4xx_hal_adc.o
 .text.LL_ADC_GetMultimode
                0x0800231c       0x1c ./Drivers/STM32G4xx_HAL_Driver/Src/stm32g4xx_hal_adc.o
 .text.LL_ADC_GetMultiDMATransfer
                0x08002338       0x1c ./Drivers/STM32G4xx_HAL_Driver/Src/stm32g4xx_hal_adc.o
 .text.LL_ADC_DisableDeepPowerDown
                0x08002354       0x24 ./Drivers/STM32G4xx_HAL_Driver/Src/stm32g4xx_hal_adc.o
 .text.LL_ADC_IsDeepPowerDownEnabled
                0x08002378       0x28 ./Drivers/STM32G4xx_HAL_Driver/Src/stm32g4xx_hal_adc.o
 .text.LL_ADC_EnableInternalRegulator
                0x080023a0       0x28 ./Drivers/STM32G4xx_HAL_Driver/Src/stm32g4xx_hal_adc.o
 .text.LL_ADC_IsInternalRegulatorEnabled
                0x080023c8       0x28 ./Drivers/STM32G4xx_HAL_Driver/Src/stm32g4xx_hal_adc.o
 .text.LL_ADC_Enable
                0x080023f0       0x28 ./Drivers/STM32G4xx_HAL_Driver/Src/stm32g4xx_hal_adc.o
 .text.LL_ADC_IsEnabled
                0x08002418       0x26 ./Drivers/STM32G4xx_HAL_Driver/Src/stm32g4xx_hal_adc.o
 .text.LL_ADC_REG_StartConversion
                0x0800243e       0x28 ./Drivers/STM32G4xx_HAL_Driver/Src/stm32g4xx_hal_adc.o
 .text.LL_ADC_REG_IsConversionOngoing
                0x08002466       0x26 ./Drivers/STM32G4xx_HAL_Driver/Src/stm32g4xx_hal_adc.o
 .text.LL_ADC_INJ_IsConversionOngoing
                0x0800248c       0x26 ./Drivers/STM32G4xx_HAL_Driver/Src/stm32g4xx_hal_adc.o
 *fill*         0x080024b2        0x2 
 .text.HAL_ADC_Init
                0x080024b4      0x378 ./Drivers/STM32G4xx_HAL_Driver/Src/stm32g4xx_hal_adc.o
                0x080024b4                HAL_ADC_Init
 .text.HAL_ADC_Start_IT
                0x0800282c      0x2b0 ./Drivers/STM32G4xx_HAL_Driver/Src/stm32g4xx_hal_adc.o
                0x0800282c                HAL_ADC_Start_IT
 .text.HAL_ADC_GetValue
                0x08002adc       0x1a ./Drivers/STM32G4xx_HAL_Driver/Src/stm32g4xx_hal_adc.o
                0x08002adc                HAL_ADC_GetValue
 *fill*         0x08002af6        0x2 
 .text.HAL_ADC_IRQHandler
                0x08002af8      0x4c0 ./Drivers/STM32G4xx_HAL_Driver/Src/stm32g4xx_hal_adc.o
                0x08002af8                HAL_ADC_IRQHandler
 .text.HAL_ADC_LevelOutOfWindowCallback
                0x08002fb8       0x14 ./Drivers/STM32G4xx_HAL_Driver/Src/stm32g4xx_hal_adc.o
                0x08002fb8                HAL_ADC_LevelOutOfWindowCallback
 .text.HAL_ADC_ErrorCallback
                0x08002fcc       0x14 ./Drivers/STM32G4xx_HAL_Driver/Src/stm32g4xx_hal_adc.o
                0x08002fcc                HAL_ADC_ErrorCallback
 .text.HAL_ADC_ConfigChannel
                0x08002fe0      0x880 ./Drivers/STM32G4xx_HAL_Driver/Src/stm32g4xx_hal_adc.o
                0x08002fe0                HAL_ADC_ConfigChannel
 .text.ADC_Enable
                0x08003860      0x12c ./Drivers/STM32G4xx_HAL_Driver/Src/stm32g4xx_hal_adc.o
                0x08003860                ADC_Enable
 .text.LL_ADC_IsEnabled
                0x0800398c       0x26 ./Drivers/STM32G4xx_HAL_Driver/Src/stm32g4xx_hal_adc_ex.o
 .text.LL_ADC_REG_IsConversionOngoing
                0x080039b2       0x26 ./Drivers/STM32G4xx_HAL_Driver/Src/stm32g4xx_hal_adc_ex.o
 .text.HAL_ADCEx_InjectedConvCpltCallback
                0x080039d8       0x14 ./Drivers/STM32G4xx_HAL_Driver/Src/stm32g4xx_hal_adc_ex.o
                0x080039d8                HAL_ADCEx_InjectedConvCpltCallback
 .text.HAL_ADCEx_InjectedQueueOverflowCallback
                0x080039ec       0x14 ./Drivers/STM32G4xx_HAL_Driver/Src/stm32g4xx_hal_adc_ex.o
                0x080039ec                HAL_ADCEx_InjectedQueueOverflowCallback
 .text.HAL_ADCEx_LevelOutOfWindow2Callback
                0x08003a00       0x14 ./Drivers/STM32G4xx_HAL_Driver/Src/stm32g4xx_hal_adc_ex.o
                0x08003a00                HAL_ADCEx_LevelOutOfWindow2Callback
 .text.HAL_ADCEx_LevelOutOfWindow3Callback
                0x08003a14       0x14 ./Drivers/STM32G4xx_HAL_Driver/Src/stm32g4xx_hal_adc_ex.o
                0x08003a14                HAL_ADCEx_LevelOutOfWindow3Callback
 .text.HAL_ADCEx_EndOfSamplingCallback
                0x08003a28       0x14 ./Drivers/STM32G4xx_HAL_Driver/Src/stm32g4xx_hal_adc_ex.o
                0x08003a28                HAL_ADCEx_EndOfSamplingCallback
 .text.HAL_ADCEx_MultiModeConfigChannel
                0x08003a3c      0x210 ./Drivers/STM32G4xx_HAL_Driver/Src/stm32g4xx_hal_adc_ex.o
                0x08003a3c                HAL_ADCEx_MultiModeConfigChannel
 .text.__NVIC_SetPriorityGrouping
                0x08003c4c       0x48 ./Drivers/STM32G4xx_HAL_Driver/Src/stm32g4xx_hal_cortex.o
 .text.__NVIC_GetPriorityGrouping
                0x08003c94       0x1c ./Drivers/STM32G4xx_HAL_Driver/Src/stm32g4xx_hal_cortex.o
 .text.__NVIC_EnableIRQ
                0x08003cb0       0x3c ./Drivers/STM32G4xx_HAL_Driver/Src/stm32g4xx_hal_cortex.o
 .text.__NVIC_SetPriority
                0x08003cec       0x54 ./Drivers/STM32G4xx_HAL_Driver/Src/stm32g4xx_hal_cortex.o
 .text.NVIC_EncodePriority
                0x08003d40       0x66 ./Drivers/STM32G4xx_HAL_Driver/Src/stm32g4xx_hal_cortex.o
 *fill*         0x08003da6        0x2 
 .text.SysTick_Config
                0x08003da8       0x44 ./Drivers/STM32G4xx_HAL_Driver/Src/stm32g4xx_hal_cortex.o
 .text.HAL_NVIC_SetPriorityGrouping
                0x08003dec       0x16 ./Drivers/STM32G4xx_HAL_Driver/Src/stm32g4xx_hal_cortex.o
                0x08003dec                HAL_NVIC_SetPriorityGrouping
 .text.HAL_NVIC_SetPriority
                0x08003e02       0x34 ./Drivers/STM32G4xx_HAL_Driver/Src/stm32g4xx_hal_cortex.o
                0x08003e02                HAL_NVIC_SetPriority
 .text.HAL_NVIC_EnableIRQ
                0x08003e36       0x1c ./Drivers/STM32G4xx_HAL_Driver/Src/stm32g4xx_hal_cortex.o
                0x08003e36                HAL_NVIC_EnableIRQ
 .text.HAL_SYSTICK_Config
                0x08003e52       0x18 ./Drivers/STM32G4xx_HAL_Driver/Src/stm32g4xx_hal_cortex.o
                0x08003e52                HAL_SYSTICK_Config
 .text.HAL_DAC_Init
                0x08003e6a       0x44 ./Drivers/STM32G4xx_HAL_Driver/Src/stm32g4xx_hal_dac.o
                0x08003e6a                HAL_DAC_Init
 *fill*         0x08003eae        0x2 
 .text.HAL_DAC_Start
                0x08003eb0       0xd8 ./Drivers/STM32G4xx_HAL_Driver/Src/stm32g4xx_hal_dac.o
                0x08003eb0                HAL_DAC_Start
 .text.HAL_DAC_SetValue
                0x08003f88       0x5a ./Drivers/STM32G4xx_HAL_Driver/Src/stm32g4xx_hal_dac.o
                0x08003f88                HAL_DAC_SetValue
 *fill*         0x08003fe2        0x2 
 .text.HAL_DAC_ConfigChannel
                0x08003fe4      0x374 ./Drivers/STM32G4xx_HAL_Driver/Src/stm32g4xx_hal_dac.o
                0x08003fe4                HAL_DAC_ConfigChannel
 .text.HAL_EXTI_RegisterCallback
                0x08004358       0x3a ./Drivers/STM32G4xx_HAL_Driver/Src/stm32g4xx_hal_exti.o
                0x08004358                HAL_EXTI_RegisterCallback
 .text.HAL_EXTI_GetHandle
                0x08004392       0x28 ./Drivers/STM32G4xx_HAL_Driver/Src/stm32g4xx_hal_exti.o
                0x08004392                HAL_EXTI_GetHandle
 *fill*         0x080043ba        0x2 
 .text.HAL_EXTI_IRQHandler
                0x080043bc       0x60 ./Drivers/STM32G4xx_HAL_Driver/Src/stm32g4xx_hal_exti.o
                0x080043bc                HAL_EXTI_IRQHandler
 .text.HAL_GPIO_Init
                0x0800441c      0x304 ./Drivers/STM32G4xx_HAL_Driver/Src/stm32g4xx_hal_gpio.o
                0x0800441c                HAL_GPIO_Init
 .text.HAL_GPIO_WritePin
                0x08004720       0x30 ./Drivers/STM32G4xx_HAL_Driver/Src/stm32g4xx_hal_gpio.o
                0x08004720                HAL_GPIO_WritePin
 .text.HAL_PWREx_ControlVoltageScaling
                0x08004750      0x148 ./Drivers/STM32G4xx_HAL_Driver/Src/stm32g4xx_hal_pwr_ex.o
                0x08004750                HAL_PWREx_ControlVoltageScaling
 .text.HAL_PWREx_DisableUCPDDeadBattery
                0x08004898       0x20 ./Drivers/STM32G4xx_HAL_Driver/Src/stm32g4xx_hal_pwr_ex.o
                0x08004898                HAL_PWREx_DisableUCPDDeadBattery
 .text.HAL_RCC_OscConfig
                0x080048b8      0x624 ./Drivers/STM32G4xx_HAL_Driver/Src/stm32g4xx_hal_rcc.o
                0x080048b8                HAL_RCC_OscConfig
 .text.HAL_RCC_ClockConfig
                0x08004edc      0x278 ./Drivers/STM32G4xx_HAL_Driver/Src/stm32g4xx_hal_rcc.o
                0x08004edc                HAL_RCC_ClockConfig
 .text.HAL_RCC_GetSysClockFreq
                0x08005154       0xc4 ./Drivers/STM32G4xx_HAL_Driver/Src/stm32g4xx_hal_rcc.o
                0x08005154                HAL_RCC_GetSysClockFreq
 .text.HAL_RCC_GetHCLKFreq
                0x08005218       0x18 ./Drivers/STM32G4xx_HAL_Driver/Src/stm32g4xx_hal_rcc.o
                0x08005218                HAL_RCC_GetHCLKFreq
 .text.HAL_RCC_GetPCLK1Freq
                0x08005230       0x2c ./Drivers/STM32G4xx_HAL_Driver/Src/stm32g4xx_hal_rcc.o
                0x08005230                HAL_RCC_GetPCLK1Freq
 .text.HAL_RCC_GetPCLK2Freq
                0x0800525c       0x2c ./Drivers/STM32G4xx_HAL_Driver/Src/stm32g4xx_hal_rcc.o
                0x0800525c                HAL_RCC_GetPCLK2Freq
 .text.RCC_GetSysClockFreqFromPLLSource
                0x08005288       0x8c ./Drivers/STM32G4xx_HAL_Driver/Src/stm32g4xx_hal_rcc.o
 .text.HAL_RCCEx_PeriphCLKConfig
                0x08005314      0x49c ./Drivers/STM32G4xx_HAL_Driver/Src/stm32g4xx_hal_rcc_ex.o
                0x08005314                HAL_RCCEx_PeriphCLKConfig
 .text.HAL_TIM_Base_Init
                0x080057b0       0xae ./Drivers/STM32G4xx_HAL_Driver/Src/stm32g4xx_hal_tim.o
                0x080057b0                HAL_TIM_Base_Init
 *fill*         0x0800585e        0x2 
 .text.HAL_TIM_Base_Start
                0x08005860       0xe0 ./Drivers/STM32G4xx_HAL_Driver/Src/stm32g4xx_hal_tim.o
                0x08005860                HAL_TIM_Base_Start
 .text.HAL_TIM_ConfigClockSource
                0x08005940      0x22c ./Drivers/STM32G4xx_HAL_Driver/Src/stm32g4xx_hal_tim.o
                0x08005940                HAL_TIM_ConfigClockSource
 .text.TIM_Base_SetConfig
                0x08005b6c      0x168 ./Drivers/STM32G4xx_HAL_Driver/Src/stm32g4xx_hal_tim.o
                0x08005b6c                TIM_Base_SetConfig
 .text.TIM_TI1_ConfigInputStage
                0x08005cd4       0x5e ./Drivers/STM32G4xx_HAL_Driver/Src/stm32g4xx_hal_tim.o
 .text.TIM_TI2_ConfigInputStage
                0x08005d32       0x60 ./Drivers/STM32G4xx_HAL_Driver/Src/stm32g4xx_hal_tim.o
 .text.TIM_ITRx_SetConfig
                0x08005d92       0x3a ./Drivers/STM32G4xx_HAL_Driver/Src/stm32g4xx_hal_tim.o
 .text.TIM_ETR_SetConfig
                0x08005dcc       0x40 ./Drivers/STM32G4xx_HAL_Driver/Src/stm32g4xx_hal_tim.o
                0x08005dcc                TIM_ETR_SetConfig
 .text.HAL_TIMEx_MasterConfigSynchronization
                0x08005e0c      0x12c ./Drivers/STM32G4xx_HAL_Driver/Src/stm32g4xx_hal_tim_ex.o
                0x08005e0c                HAL_TIMEx_MasterConfigSynchronization
 .text.HAL_UART_Init
                0x08005f38       0xa0 ./Drivers/STM32G4xx_HAL_Driver/Src/stm32g4xx_hal_uart.o
                0x08005f38                HAL_UART_Init
 .text.HAL_UART_MspInit
                0x08005fd8       0x14 ./Drivers/STM32G4xx_HAL_Driver/Src/stm32g4xx_hal_uart.o
                0x08005fd8                HAL_UART_MspInit
 .text.UART_SetConfig
                0x08005fec      0x5f8 ./Drivers/STM32G4xx_HAL_Driver/Src/stm32g4xx_hal_uart.o
                0x08005fec                UART_SetConfig
 .text.UART_AdvFeatureConfig
                0x080065e4      0x144 ./Drivers/STM32G4xx_HAL_Driver/Src/stm32g4xx_hal_uart.o
                0x080065e4                UART_AdvFeatureConfig
 .text.UART_CheckIdleState
                0x08006728      0x154 ./Drivers/STM32G4xx_HAL_Driver/Src/stm32g4xx_hal_uart.o
                0x08006728                UART_CheckIdleState
 .text.UART_WaitOnFlagUntilTimeout
                0x0800687c       0xda ./Drivers/STM32G4xx_HAL_Driver/Src/stm32g4xx_hal_uart.o
                0x0800687c                UART_WaitOnFlagUntilTimeout
 .text.UART_EndRxTransfer
                0x08006956       0xcc ./Drivers/STM32G4xx_HAL_Driver/Src/stm32g4xx_hal_uart.o
 .text.memset   0x08006a22       0x10 /home/goma/st/stm32cubeide_1.19.0/plugins/com.st.stm32cube.ide.mcu.externaltools.gnu-tools-for-stm32.13.3.rel1.linux64_1.0.0.202410170706/tools/bin/../lib/gcc/arm-none-eabi/13.3.1/../../../../arm-none-eabi/lib/thumb/v7e-m+fp/hard/libc_nano.a(libc_a-memset.o)
                0x08006a22                memset
 *fill*         0x08006a32        0x2 
 .text.__libc_init_array
                0x08006a34       0x48 /home/goma/st/stm32cubeide_1.19.0/plugins/com.st.stm32cube.ide.mcu.externaltools.gnu-tools-for-stm32.13.3.rel1.linux64_1.0.0.202410170706/tools/bin/../lib/gcc/arm-none-eabi/13.3.1/../../../../arm-none-eabi/lib/thumb/v7e-m+fp/hard/libc_nano.a(libc_a-init.o)
                0x08006a34                __libc_init_array
 *(.glue_7)
 .glue_7        0x08006a7c        0x0 linker stubs
 *(.glue_7t)
 .glue_7t       0x08006a7c        0x0 linker stubs
 *(.eh_frame)
 .eh_frame      0x08006a7c        0x0 /home/goma/st/stm32cubeide_1.19.0/plugins/com.st.stm32cube.ide.mcu.externaltools.gnu-tools-for-stm32.13.3.rel1.linux64_1.0.0.202410170706/tools/bin/../lib/gcc/arm-none-eabi/13.3.1/thumb/v7e-m+fp/hard/crtbegin.o
 *(.init)
 .init          0x08006a7c        0x4 /home/goma/st/stm32cubeide_1.19.0/plugins/com.st.stm32cube.ide.mcu.externaltools.gnu-tools-for-stm32.13.3.rel1.linux64_1.0.0.202410170706/tools/bin/../lib/gcc/arm-none-eabi/13.3.1/thumb/v7e-m+fp/hard/crti.o
                0x08006a7c                _init
 .init          0x08006a80        0x8 /home/goma/st/stm32cubeide_1.19.0/plugins/com.st.stm32cube.ide.mcu.externaltools.gnu-tools-for-stm32.13.3.rel1.linux64_1.0.0.202410170706/tools/bin/../lib/gcc/arm-none-eabi/13.3.1/thumb/v7e-m+fp/hard/crtn.o
 *(.fini)
 .fini          0x08006a88        0x4 /home/goma/st/stm32cubeide_1.19.0/plugins/com.st.stm32cube.ide.mcu.externaltools.gnu-tools-for-stm32.13.3.rel1.linux64_1.0.0.202410170706/tools/bin/../lib/gcc/arm-none-eabi/13.3.1/thumb/v7e-m+fp/hard/crti.o
                0x08006a88                _fini
 .fini          0x08006a8c        0x8 /home/goma/st/stm32cubeide_1.19.0/plugins/com.st.stm32cube.ide.mcu.externaltools.gnu-tools-for-stm32.13.3.rel1.linux64_1.0.0.202410170706/tools/bin/../lib/gcc/arm-none-eabi/13.3.1/thumb/v7e-m+fp/hard/crtn.o
                0x08006a94                        . = ALIGN (0x4)
                0x08006a94                        _etext = .

.vfp11_veneer   0x08006a94        0x0
 .vfp11_veneer  0x08006a94        0x0 linker stubs

.v4_bx          0x08006a94        0x0
 .v4_bx         0x08006a94        0x0 linker stubs

.iplt           0x08006a94        0x0
 .iplt          0x08006a94        0x0 /home/goma/st/stm32cubeide_1.19.0/plugins/com.st.stm32cube.ide.mcu.externaltools.gnu-tools-for-stm32.13.3.rel1.linux64_1.0.0.202410170706/tools/bin/../lib/gcc/arm-none-eabi/13.3.1/thumb/v7e-m+fp/hard/crtbegin.o

.rodata         0x08006a94       0x34
                0x08006a94                        . = ALIGN (0x4)
 *(.rodata)
 *(.rodata*)
 .rodata.AHBPrescTable
                0x08006a94       0x10 ./Core/Src/system_stm32g4xx.o
                0x08006a94                AHBPrescTable
 .rodata.APBPrescTable
                0x08006aa4        0x8 ./Core/Src/system_stm32g4xx.o
                0x08006aa4                APBPrescTable
 .rodata.BUTTON_EXTI_LINE.2
                0x08006aac        0x4 ./Drivers/BSP/STM32G4xx_Nucleo/stm32g4xx_nucleo.o
 .rodata.UARTPrescTable
                0x08006ab0       0x18 ./Drivers/STM32G4xx_HAL_Driver/Src/stm32g4xx_hal_uart.o
                0x08006ab0                UARTPrescTable
                0x08006ac8                        . = ALIGN (0x4)

.ARM.extab      0x08006ac8        0x0
                0x08006ac8                        . = ALIGN (0x4)
 *(.ARM.extab* .gnu.linkonce.armextab.*)
                0x08006ac8                        . = ALIGN (0x4)

.ARM            0x08006ac8        0x8
                0x08006ac8                        . = ALIGN (0x4)
                0x08006ac8                        __exidx_start = .
 *(.ARM.exidx*)
 .ARM.exidx     0x08006ac8        0x8 /home/goma/st/stm32cubeide_1.19.0/plugins/com.st.stm32cube.ide.mcu.externaltools.gnu-tools-for-stm32.13.3.rel1.linux64_1.0.0.202410170706/tools/bin/../lib/gcc/arm-none-eabi/13.3.1/thumb/v7e-m+fp/hard/libgcc.a(_udivmoddi4.o)
                0x08006ad0                        __exidx_end = .
                0x08006ad0                        . = ALIGN (0x4)

.preinit_array  0x08006ad0        0x0
                0x08006ad0                        . = ALIGN (0x4)
                0x08006ad0                        PROVIDE (__preinit_array_start = .)
 *(.preinit_array*)
                0x08006ad0                        PROVIDE (__preinit_array_end = .)
                0x08006ad0                        . = ALIGN (0x4)

.init_array     0x08006ad0        0x4
                0x08006ad0                        . = ALIGN (0x4)
                0x08006ad0                        PROVIDE (__init_array_start = .)
 *(SORT_BY_NAME(.init_array.*))
 *(.init_array*)
 .init_array    0x08006ad0        0x4 /home/goma/st/stm32cubeide_1.19.0/plugins/com.st.stm32cube.ide.mcu.externaltools.gnu-tools-for-stm32.13.3.rel1.linux64_1.0.0.202410170706/tools/bin/../lib/gcc/arm-none-eabi/13.3.1/thumb/v7e-m+fp/hard/crtbegin.o
                0x08006ad4                        PROVIDE (__init_array_end = .)
                0x08006ad4                        . = ALIGN (0x4)

.fini_array     0x08006ad4        0x4
                0x08006ad4                        . = ALIGN (0x4)
                [!provide]                        PROVIDE (__fini_array_start = .)
 *(SORT_BY_NAME(.fini_array.*))
 *(.fini_array*)
 .fini_array    0x08006ad4        0x4 /home/goma/st/stm32cubeide_1.19.0/plugins/com.st.stm32cube.ide.mcu.externaltools.gnu-tools-for-stm32.13.3.rel1.linux64_1.0.0.202410170706/tools/bin/../lib/gcc/arm-none-eabi/13.3.1/thumb/v7e-m+fp/hard/crtbegin.o
                [!provide]                        PROVIDE (__fini_array_end = .)
                0x08006ad8                        . = ALIGN (0x4)
                0x08006ad8                        _sidata = LOADADDR (.data)

.rel.dyn        0x08006ad8        0x0
 .rel.iplt      0x08006ad8        0x0 /home/goma/st/stm32cubeide_1.19.0/plugins/com.st.stm32cube.ide.mcu.externaltools.gnu-tools-for-stm32.13.3.rel1.linux64_1.0.0.202410170706/tools/bin/../lib/gcc/arm-none-eabi/13.3.1/thumb/v7e-m+fp/hard/crtbegin.o

.data           0x20000000       0x24 load address 0x08006ad8
                0x20000000                        . = ALIGN (0x4)
                0x20000000                        _sdata = .
 *(.data)
 *(.data*)
 .data.current_filter
                0x20000000        0x1 ./Core/Src/main.o
                0x20000000                current_filter
 *fill*         0x20000001        0x3 
 .data.SystemCoreClock
                0x20000004        0x4 ./Core/Src/system_stm32g4xx.o
                0x20000004                SystemCoreClock
 .data.LED_PORT
                0x20000008        0x4 ./Drivers/BSP/STM32G4xx_Nucleo/stm32g4xx_nucleo.o
 .data.BUTTON_PORT
                0x2000000c        0x4 ./Drivers/BSP/STM32G4xx_Nucleo/stm32g4xx_nucleo.o
 .data.COM_USART
                0x20000010        0x4 ./Drivers/BSP/STM32G4xx_Nucleo/stm32g4xx_nucleo.o
 .data.ButtonCallback.1
                0x20000014        0x4 ./Drivers/BSP/STM32G4xx_Nucleo/stm32g4xx_nucleo.o
 .data.BSP_BUTTON_PRIO.0
                0x20000018        0x4 ./Drivers/BSP/STM32G4xx_Nucleo/stm32g4xx_nucleo.o
 .data.uwTickPrio
                0x2000001c        0x4 ./Drivers/STM32G4xx_HAL_Driver/Src/stm32g4xx_hal.o
                0x2000001c                uwTickPrio
 .data.uwTickFreq
                0x20000020        0x4 ./Drivers/STM32G4xx_HAL_Driver/Src/stm32g4xx_hal.o
                0x20000020                uwTickFreq
 *(.RamFunc)
 *(.RamFunc*)
                0x20000024                        . = ALIGN (0x4)
                0x20000024                        _edata = .

.igot.plt       0x20000024        0x0 load address 0x08006afc
 .igot.plt      0x20000024        0x0 /home/goma/st/stm32cubeide_1.19.0/plugins/com.st.stm32cube.ide.mcu.externaltools.gnu-tools-for-stm32.13.3.rel1.linux64_1.0.0.202410170706/tools/bin/../lib/gcc/arm-none-eabi/13.3.1/thumb/v7e-m+fp/hard/crtbegin.o
                0x20000024                        . = ALIGN (0x4)

.bss            0x20000028      0x20c load address 0x08006afc
                0x20000028                        _sbss = .
                0x20000028                        __bss_start__ = _sbss
 *(.bss)
 .bss           0x20000028       0x1c /home/goma/st/stm32cubeide_1.19.0/plugins/com.st.stm32cube.ide.mcu.externaltools.gnu-tools-for-stm32.13.3.rel1.linux64_1.0.0.202410170706/tools/bin/../lib/gcc/arm-none-eabi/13.3.1/thumb/v7e-m+fp/hard/crtbegin.o
 *(.bss*)
 *fill*         0x20000044        0x4 
 .bss.x1        0x20000048        0x8 ./Core/Src/apf_c_caller.o
 .bss.y1        0x20000050        0x8 ./Core/Src/apf_c_caller.o
 .bss.x1        0x20000058        0x8 ./Core/Src/bpf_c_caller.o
 .bss.x2        0x20000060        0x8 ./Core/Src/bpf_c_caller.o
 .bss.y1        0x20000068        0x8 ./Core/Src/bpf_c_caller.o
 .bss.y2        0x20000070        0x8 ./Core/Src/bpf_c_caller.o
 .bss.x1        0x20000078        0x8 ./Core/Src/bsf_c_caller.o
 .bss.x2        0x20000080        0x8 ./Core/Src/bsf_c_caller.o
 .bss.y1        0x20000088        0x8 ./Core/Src/bsf_c_caller.o
 .bss.y2        0x20000090        0x8 ./Core/Src/bsf_c_caller.o
 .bss.x1        0x20000098        0x8 ./Core/Src/hpf_c_caller.o
 .bss.y1        0x200000a0        0x8 ./Core/Src/hpf_c_caller.o
 .bss.x1        0x200000a8        0x8 ./Core/Src/lpf_c_caller.o
 .bss.y1        0x200000b0        0x8 ./Core/Src/lpf_c_caller.o
 .bss.BspCOMInit
                0x200000b8       0x10 ./Core/Src/main.o
                0x200000b8                BspCOMInit
 .bss.hadc1     0x200000c8       0x6c ./Core/Src/main.o
                0x200000c8                hadc1
 .bss.hdac1     0x20000134       0x14 ./Core/Src/main.o
                0x20000134                hdac1
 .bss.htim1     0x20000148       0x4c ./Core/Src/main.o
                0x20000148                htim1
 .bss.hpb_exti  0x20000194        0x8 ./Drivers/BSP/STM32G4xx_Nucleo/stm32g4xx_nucleo.o
                0x20000194                hpb_exti
 .bss.hcom_uart
                0x2000019c       0x94 ./Drivers/BSP/STM32G4xx_Nucleo/stm32g4xx_nucleo.o
                0x2000019c                hcom_uart
 .bss.uwTick    0x20000230        0x4 ./Drivers/STM32G4xx_HAL_Driver/Src/stm32g4xx_hal.o
                0x20000230                uwTick
 *(COMMON)
                0x20000234                        . = ALIGN (0x4)
                0x20000234                        _ebss = .
                0x20000234                        __bss_end__ = _ebss

._user_heap_stack
                0x20000234      0x604 load address 0x08006afc
                0x20000238                        . = ALIGN (0x8)
 *fill*         0x20000234        0x4 
                [!provide]                        PROVIDE (end = .)
                0x20000238                        PROVIDE (_end = .)
                0x20000438                        . = (. + _Min_Heap_Size)
 *fill*         0x20000238      0x200 
                0x20000838                        . = (. + _Min_Stack_Size)
 *fill*         0x20000438      0x400 
                0x20000838                        . = ALIGN (0x8)

/DISCARD/
 libc.a(*)
 libm.a(*)
 libgcc.a(*)

.ARM.attributes
                0x00000000       0x30
 *(.ARM.attributes)
 .ARM.attributes
                0x00000000       0x22 /home/goma/st/stm32cubeide_1.19.0/plugins/com.st.stm32cube.ide.mcu.externaltools.gnu-tools-for-stm32.13.3.rel1.linux64_1.0.0.202410170706/tools/bin/../lib/gcc/arm-none-eabi/13.3.1/thumb/v7e-m+fp/hard/crti.o
 .ARM.attributes
                0x00000022       0x34 /home/goma/st/stm32cubeide_1.19.0/plugins/com.st.stm32cube.ide.mcu.externaltools.gnu-tools-for-stm32.13.3.rel1.linux64_1.0.0.202410170706/tools/bin/../lib/gcc/arm-none-eabi/13.3.1/thumb/v7e-m+fp/hard/crtbegin.o
 .ARM.attributes
                0x00000056       0x34 ./Core/Src/apf_c_caller.o
 .ARM.attributes
                0x0000008a       0x34 ./Core/Src/bpf_c_caller.o
 .ARM.attributes
                0x000000be       0x34 ./Core/Src/bsf_c_caller.o
 .ARM.attributes
                0x000000f2       0x34 ./Core/Src/hpf_c_caller.o
 .ARM.attributes
                0x00000126       0x34 ./Core/Src/lpf_c_caller.o
 .ARM.attributes
                0x0000015a       0x34 ./Core/Src/main.o
 .ARM.attributes
                0x0000018e       0x34 ./Core/Src/stm32g4xx_hal_msp.o
 .ARM.attributes
                0x000001c2       0x34 ./Core/Src/stm32g4xx_it.o
 .ARM.attributes
                0x000001f6       0x34 ./Core/Src/system_stm32g4xx.o
 .ARM.attributes
                0x0000022a       0x21 ./Core/Startup/startup_stm32g474retx.o
 .ARM.attributes
                0x0000024b       0x34 ./Drivers/BSP/STM32G4xx_Nucleo/stm32g4xx_nucleo.o
 .ARM.attributes
                0x0000027f       0x34 ./Drivers/STM32G4xx_HAL_Driver/Src/stm32g4xx_hal.o
 .ARM.attributes
                0x000002b3       0x34 ./Drivers/STM32G4xx_HAL_Driver/Src/stm32g4xx_hal_adc.o
 .ARM.attributes
                0x000002e7       0x34 ./Drivers/STM32G4xx_HAL_Driver/Src/stm32g4xx_hal_adc_ex.o
 .ARM.attributes
                0x0000031b       0x34 ./Drivers/STM32G4xx_HAL_Driver/Src/stm32g4xx_hal_cortex.o
 .ARM.attributes
                0x0000034f       0x34 ./Drivers/STM32G4xx_HAL_Driver/Src/stm32g4xx_hal_dac.o
 .ARM.attributes
                0x00000383       0x34 ./Drivers/STM32G4xx_HAL_Driver/Src/stm32g4xx_hal_exti.o
 .ARM.attributes
                0x000003b7       0x34 ./Drivers/STM32G4xx_HAL_Driver/Src/stm32g4xx_hal_gpio.o
 .ARM.attributes
                0x000003eb       0x34 ./Drivers/STM32G4xx_HAL_Driver/Src/stm32g4xx_hal_pwr_ex.o
 .ARM.attributes
                0x0000041f       0x34 ./Drivers/STM32G4xx_HAL_Driver/Src/stm32g4xx_hal_rcc.o
 .ARM.attributes
                0x00000453       0x34 ./Drivers/STM32G4xx_HAL_Driver/Src/stm32g4xx_hal_rcc_ex.o
 .ARM.attributes
                0x00000487       0x34 ./Drivers/STM32G4xx_HAL_Driver/Src/stm32g4xx_hal_tim.o
 .ARM.attributes
                0x000004bb       0x34 ./Drivers/STM32G4xx_HAL_Driver/Src/stm32g4xx_hal_tim_ex.o
 .ARM.attributes
                0x000004ef       0x34 ./Drivers/STM32G4xx_HAL_Driver/Src/stm32g4xx_hal_uart.o
 .ARM.attributes
                0x00000523       0x34 /home/goma/st/stm32cubeide_1.19.0/plugins/com.st.stm32cube.ide.mcu.externaltools.gnu-tools-for-stm32.13.3.rel1.linux64_1.0.0.202410170706/tools/bin/../lib/gcc/arm-none-eabi/13.3.1/../../../../arm-none-eabi/lib/thumb/v7e-m+fp/hard/libc_nano.a(libc_a-memset.o)
 .ARM.attributes
                0x00000557       0x34 /home/goma/st/stm32cubeide_1.19.0/plugins/com.st.stm32cube.ide.mcu.externaltools.gnu-tools-for-stm32.13.3.rel1.linux64_1.0.0.202410170706/tools/bin/../lib/gcc/arm-none-eabi/13.3.1/../../../../arm-none-eabi/lib/thumb/v7e-m+fp/hard/libc_nano.a(libc_a-init.o)
 .ARM.attributes
                0x0000058b       0x22 /home/goma/st/stm32cubeide_1.19.0/plugins/com.st.stm32cube.ide.mcu.externaltools.gnu-tools-for-stm32.13.3.rel1.linux64_1.0.0.202410170706/tools/bin/../lib/gcc/arm-none-eabi/13.3.1/thumb/v7e-m+fp/hard/libgcc.a(_arm_addsubdf3.o)
 .ARM.attributes
                0x000005ad       0x22 /home/goma/st/stm32cubeide_1.19.0/plugins/com.st.stm32cube.ide.mcu.externaltools.gnu-tools-for-stm32.13.3.rel1.linux64_1.0.0.202410170706/tools/bin/../lib/gcc/arm-none-eabi/13.3.1/thumb/v7e-m+fp/hard/libgcc.a(_arm_muldivdf3.o)
 .ARM.attributes
                0x000005cf       0x22 /home/goma/st/stm32cubeide_1.19.0/plugins/com.st.stm32cube.ide.mcu.externaltools.gnu-tools-for-stm32.13.3.rel1.linux64_1.0.0.202410170706/tools/bin/../lib/gcc/arm-none-eabi/13.3.1/thumb/v7e-m+fp/hard/libgcc.a(_arm_cmpdf2.o)
 .ARM.attributes
                0x000005f1       0x22 /home/goma/st/stm32cubeide_1.19.0/plugins/com.st.stm32cube.ide.mcu.externaltools.gnu-tools-for-stm32.13.3.rel1.linux64_1.0.0.202410170706/tools/bin/../lib/gcc/arm-none-eabi/13.3.1/thumb/v7e-m+fp/hard/libgcc.a(_arm_fixunsdfsi.o)
 .ARM.attributes
                0x00000613       0x22 /home/goma/st/stm32cubeide_1.19.0/plugins/com.st.stm32cube.ide.mcu.externaltools.gnu-tools-for-stm32.13.3.rel1.linux64_1.0.0.202410170706/tools/bin/../lib/gcc/arm-none-eabi/13.3.1/thumb/v7e-m+fp/hard/libgcc.a(_aeabi_uldivmod.o)
 .ARM.attributes
                0x00000635       0x34 /home/goma/st/stm32cubeide_1.19.0/plugins/com.st.stm32cube.ide.mcu.externaltools.gnu-tools-for-stm32.13.3.rel1.linux64_1.0.0.202410170706/tools/bin/../lib/gcc/arm-none-eabi/13.3.1/thumb/v7e-m+fp/hard/libgcc.a(_udivmoddi4.o)
 .ARM.attributes
                0x00000669       0x22 /home/goma/st/stm32cubeide_1.19.0/plugins/com.st.stm32cube.ide.mcu.externaltools.gnu-tools-for-stm32.13.3.rel1.linux64_1.0.0.202410170706/tools/bin/../lib/gcc/arm-none-eabi/13.3.1/thumb/v7e-m+fp/hard/libgcc.a(_dvmd_tls.o)
 .ARM.attributes
                0x0000068b       0x22 /home/goma/st/stm32cubeide_1.19.0/plugins/com.st.stm32cube.ide.mcu.externaltools.gnu-tools-for-stm32.13.3.rel1.linux64_1.0.0.202410170706/tools/bin/../lib/gcc/arm-none-eabi/13.3.1/thumb/v7e-m+fp/hard/crtn.o
OUTPUT(lab3.elf elf32-littlearm)
LOAD linker stubs
LOAD /home/goma/st/stm32cubeide_1.19.0/plugins/com.st.stm32cube.ide.mcu.externaltools.gnu-tools-for-stm32.13.3.rel1.linux64_1.0.0.202410170706/tools/bin/../lib/gcc/arm-none-eabi/13.3.1/../../../../arm-none-eabi/lib/thumb/v7e-m+fp/hard/libc.a
LOAD /home/goma/st/stm32cubeide_1.19.0/plugins/com.st.stm32cube.ide.mcu.externaltools.gnu-tools-for-stm32.13.3.rel1.linux64_1.0.0.202410170706/tools/bin/../lib/gcc/arm-none-eabi/13.3.1/../../../../arm-none-eabi/lib/thumb/v7e-m+fp/hard/libm.a
LOAD /home/goma/st/stm32cubeide_1.19.0/plugins/com.st.stm32cube.ide.mcu.externaltools.gnu-tools-for-stm32.13.3.rel1.linux64_1.0.0.202410170706/tools/bin/../lib/gcc/arm-none-eabi/13.3.1/thumb/v7e-m+fp/hard/libgcc.a

.debug_info     0x00000000    0x183b3
 .debug_info    0x00000000       0xeb ./Core/Src/apf_c_caller.o
 .debug_info    0x000000eb      0x12b ./Core/Src/bpf_c_caller.o
 .debug_info    0x00000216      0x12b ./Core/Src/bsf_c_caller.o
 .debug_info    0x00000341       0xeb ./Core/Src/hpf_c_caller.o
 .debug_info    0x0000042c       0xeb ./Core/Src/lpf_c_caller.o
 .debug_info    0x00000517     0x1b3f ./Core/Src/main.o
 .debug_info    0x00002056     0x17f1 ./Core/Src/stm32g4xx_hal_msp.o
 .debug_info    0x00003847      0x92e ./Core/Src/stm32g4xx_it.o
 .debug_info    0x00004175      0x58e ./Core/Src/system_stm32g4xx.o
 .debug_info    0x00004703       0x30 ./Core/Startup/startup_stm32g474retx.o
 .debug_info    0x00004733     0x174a ./Drivers/BSP/STM32G4xx_Nucleo/stm32g4xx_nucleo.o
 .debug_info    0x00005e7d      0xb95 ./Drivers/STM32G4xx_HAL_Driver/Src/stm32g4xx_hal.o
 .debug_info    0x00006a12     0x2063 ./Drivers/STM32G4xx_HAL_Driver/Src/stm32g4xx_hal_adc.o
 .debug_info    0x00008a75     0x1d80 ./Drivers/STM32G4xx_HAL_Driver/Src/stm32g4xx_hal_adc_ex.o
 .debug_info    0x0000a7f5      0xdf9 ./Drivers/STM32G4xx_HAL_Driver/Src/stm32g4xx_hal_cortex.o
 .debug_info    0x0000b5ee      0xcbc ./Drivers/STM32G4xx_HAL_Driver/Src/stm32g4xx_hal_dac.o
 .debug_info    0x0000c2aa      0x63d ./Drivers/STM32G4xx_HAL_Driver/Src/stm32g4xx_hal_exti.o
 .debug_info    0x0000c8e7      0x763 ./Drivers/STM32G4xx_HAL_Driver/Src/stm32g4xx_hal_gpio.o
 .debug_info    0x0000d04a      0x93f ./Drivers/STM32G4xx_HAL_Driver/Src/stm32g4xx_hal_pwr_ex.o
 .debug_info    0x0000d989      0xbe0 ./Drivers/STM32G4xx_HAL_Driver/Src/stm32g4xx_hal_rcc.o
 .debug_info    0x0000e569      0xc45 ./Drivers/STM32G4xx_HAL_Driver/Src/stm32g4xx_hal_rcc_ex.o
 .debug_info    0x0000f1ae     0x2c52 ./Drivers/STM32G4xx_HAL_Driver/Src/stm32g4xx_hal_tim.o
 .debug_info    0x00011e00     0x1d95 ./Drivers/STM32G4xx_HAL_Driver/Src/stm32g4xx_hal_tim_ex.o
 .debug_info    0x00013b95     0x481e ./Drivers/STM32G4xx_HAL_Driver/Src/stm32g4xx_hal_uart.o

.debug_abbrev   0x00000000     0x2e92
 .debug_abbrev  0x00000000       0x8c ./Core/Src/apf_c_caller.o
 .debug_abbrev  0x0000008c       0x8c ./Core/Src/bpf_c_caller.o
 .debug_abbrev  0x00000118       0x8c ./Core/Src/bsf_c_caller.o
 .debug_abbrev  0x000001a4       0x8c ./Core/Src/hpf_c_caller.o
 .debug_abbrev  0x00000230       0x8c ./Core/Src/lpf_c_caller.o
 .debug_abbrev  0x000002bc      0x31c ./Core/Src/main.o
 .debug_abbrev  0x000005d8      0x246 ./Core/Src/stm32g4xx_hal_msp.o
 .debug_abbrev  0x0000081e      0x18c ./Core/Src/stm32g4xx_it.o
 .debug_abbrev  0x000009aa      0x11a ./Core/Src/system_stm32g4xx.o
 .debug_abbrev  0x00000ac4       0x24 ./Core/Startup/startup_stm32g474retx.o
 .debug_abbrev  0x00000ae8      0x2fb ./Drivers/BSP/STM32G4xx_Nucleo/stm32g4xx_nucleo.o
 .debug_abbrev  0x00000de3      0x271 ./Drivers/STM32G4xx_HAL_Driver/Src/stm32g4xx_hal.o
 .debug_abbrev  0x00001054      0x2d3 ./Drivers/STM32G4xx_HAL_Driver/Src/stm32g4xx_hal_adc.o
 .debug_abbrev  0x00001327      0x2ee ./Drivers/STM32G4xx_HAL_Driver/Src/stm32g4xx_hal_adc_ex.o
 .debug_abbrev  0x00001615      0x31c ./Drivers/STM32G4xx_HAL_Driver/Src/stm32g4xx_hal_cortex.o
 .debug_abbrev  0x00001931      0x231 ./Drivers/STM32G4xx_HAL_Driver/Src/stm32g4xx_hal_dac.o
 .debug_abbrev  0x00001b62      0x1a8 ./Drivers/STM32G4xx_HAL_Driver/Src/stm32g4xx_hal_exti.o
 .debug_abbrev  0x00001d0a      0x1cb ./Drivers/STM32G4xx_HAL_Driver/Src/stm32g4xx_hal_gpio.o
 .debug_abbrev  0x00001ed5      0x22c ./Drivers/STM32G4xx_HAL_Driver/Src/stm32g4xx_hal_pwr_ex.o
 .debug_abbrev  0x00002101      0x2c9 ./Drivers/STM32G4xx_HAL_Driver/Src/stm32g4xx_hal_rcc.o
 .debug_abbrev  0x000023ca      0x258 ./Drivers/STM32G4xx_HAL_Driver/Src/stm32g4xx_hal_rcc_ex.o
 .debug_abbrev  0x00002622      0x2a7 ./Drivers/STM32G4xx_HAL_Driver/Src/stm32g4xx_hal_tim.o
 .debug_abbrev  0x000028c9      0x2c5 ./Drivers/STM32G4xx_HAL_Driver/Src/stm32g4xx_hal_tim_ex.o
 .debug_abbrev  0x00002b8e      0x304 ./Drivers/STM32G4xx_HAL_Driver/Src/stm32g4xx_hal_uart.o

.debug_aranges  0x00000000     0x15d8
 .debug_aranges
                0x00000000       0x28 ./Core/Src/apf_c_caller.o
 .debug_aranges
                0x00000028       0x28 ./Core/Src/bpf_c_caller.o
 .debug_aranges
                0x00000050       0x28 ./Core/Src/bsf_c_caller.o
 .debug_aranges
                0x00000078       0x28 ./Core/Src/hpf_c_caller.o
 .debug_aranges
                0x000000a0       0x28 ./Core/Src/lpf_c_caller.o
 .debug_aranges
                0x000000c8       0x58 ./Core/Src/main.o
 .debug_aranges
                0x00000120       0x50 ./Core/Src/stm32g4xx_hal_msp.o
 .debug_aranges
                0x00000170       0x70 ./Core/Src/stm32g4xx_it.o
 .debug_aranges
                0x000001e0       0x28 ./Core/Src/system_stm32g4xx.o
 .debug_aranges
                0x00000208       0x28 ./Core/Startup/startup_stm32g474retx.o
 .debug_aranges
                0x00000230       0xc8 ./Drivers/BSP/STM32G4xx_Nucleo/stm32g4xx_nucleo.o
 .debug_aranges
                0x000002f8      0x148 ./Drivers/STM32G4xx_HAL_Driver/Src/stm32g4xx_hal.o
 .debug_aranges
                0x00000440      0x248 ./Drivers/STM32G4xx_HAL_Driver/Src/stm32g4xx_hal_adc.o
 .debug_aranges
                0x00000688      0x1c0 ./Drivers/STM32G4xx_HAL_Driver/Src/stm32g4xx_hal_adc_ex.o
 .debug_aranges
                0x00000848      0x128 ./Drivers/STM32G4xx_HAL_Driver/Src/stm32g4xx_hal_cortex.o
 .debug_aranges
                0x00000970       0xc0 ./Drivers/STM32G4xx_HAL_Driver/Src/stm32g4xx_hal_dac.o
 .debug_aranges
                0x00000a30       0x60 ./Drivers/STM32G4xx_HAL_Driver/Src/stm32g4xx_hal_exti.o
 .debug_aranges
                0x00000a90       0x58 ./Drivers/STM32G4xx_HAL_Driver/Src/stm32g4xx_hal_gpio.o
 .debug_aranges
                0x00000ae8      0x140 ./Drivers/STM32G4xx_HAL_Driver/Src/stm32g4xx_hal_pwr_ex.o
 .debug_aranges
                0x00000c28       0x98 ./Drivers/STM32G4xx_HAL_Driver/Src/stm32g4xx_hal_rcc.o
 .debug_aranges
                0x00000cc0       0xb0 ./Drivers/STM32G4xx_HAL_Driver/Src/stm32g4xx_hal_rcc_ex.o
 .debug_aranges
                0x00000d70      0x3e0 ./Drivers/STM32G4xx_HAL_Driver/Src/stm32g4xx_hal_tim.o
 .debug_aranges
                0x00001150      0x240 ./Drivers/STM32G4xx_HAL_Driver/Src/stm32g4xx_hal_tim_ex.o
 .debug_aranges
                0x00001390      0x248 ./Drivers/STM32G4xx_HAL_Driver/Src/stm32g4xx_hal_uart.o

.debug_rnglists
                0x00000000     0x10e5
 .debug_rnglists
                0x00000000       0x1a ./Core/Src/apf_c_caller.o
 .debug_rnglists
                0x0000001a       0x1a ./Core/Src/bpf_c_caller.o
 .debug_rnglists
                0x00000034       0x1a ./Core/Src/bsf_c_caller.o
 .debug_rnglists
                0x0000004e       0x1a ./Core/Src/hpf_c_caller.o
 .debug_rnglists
                0x00000068       0x1a ./Core/Src/lpf_c_caller.o
 .debug_rnglists
                0x00000082       0x42 ./Core/Src/main.o
 .debug_rnglists
                0x000000c4       0x38 ./Core/Src/stm32g4xx_hal_msp.o
 .debug_rnglists
                0x000000fc       0x4f ./Core/Src/stm32g4xx_it.o
 .debug_rnglists
                0x0000014b       0x1a ./Core/Src/system_stm32g4xx.o
 .debug_rnglists
                0x00000165       0x19 ./Core/Startup/startup_stm32g474retx.o
 .debug_rnglists
                0x0000017e       0x93 ./Drivers/BSP/STM32G4xx_Nucleo/stm32g4xx_nucleo.o
 .debug_rnglists
                0x00000211       0xf1 ./Drivers/STM32G4xx_HAL_Driver/Src/stm32g4xx_hal.o
 .debug_rnglists
                0x00000302      0x1c0 ./Drivers/STM32G4xx_HAL_Driver/Src/stm32g4xx_hal_adc.o
 .debug_rnglists
                0x000004c2      0x15a ./Drivers/STM32G4xx_HAL_Driver/Src/stm32g4xx_hal_adc_ex.o
 .debug_rnglists
                0x0000061c       0xda ./Drivers/STM32G4xx_HAL_Driver/Src/stm32g4xx_hal_cortex.o
 .debug_rnglists
                0x000006f6       0x90 ./Drivers/STM32G4xx_HAL_Driver/Src/stm32g4xx_hal_dac.o
 .debug_rnglists
                0x00000786       0x46 ./Drivers/STM32G4xx_HAL_Driver/Src/stm32g4xx_hal_exti.o
 .debug_rnglists
                0x000007cc       0x3f ./Drivers/STM32G4xx_HAL_Driver/Src/stm32g4xx_hal_gpio.o
 .debug_rnglists
                0x0000080b       0xf1 ./Drivers/STM32G4xx_HAL_Driver/Src/stm32g4xx_hal_pwr_ex.o
 .debug_rnglists
                0x000008fc       0x74 ./Drivers/STM32G4xx_HAL_Driver/Src/stm32g4xx_hal_rcc.o
 .debug_rnglists
                0x00000970       0x87 ./Drivers/STM32G4xx_HAL_Driver/Src/stm32g4xx_hal_rcc_ex.o
 .debug_rnglists
                0x000009f7      0x328 ./Drivers/STM32G4xx_HAL_Driver/Src/stm32g4xx_hal_tim.o
 .debug_rnglists
                0x00000d1f      0x1cc ./Drivers/STM32G4xx_HAL_Driver/Src/stm32g4xx_hal_tim_ex.o
 .debug_rnglists
                0x00000eeb      0x1fa ./Drivers/STM32G4xx_HAL_Driver/Src/stm32g4xx_hal_uart.o

.debug_macro    0x00000000    0x29080
 .debug_macro   0x00000000       0x24 ./Core/Src/apf_c_caller.o
 .debug_macro   0x00000024      0xade ./Core/Src/apf_c_caller.o
 .debug_macro   0x00000b02      0x190 ./Core/Src/apf_c_caller.o
 .debug_macro   0x00000c92       0x24 ./Core/Src/bpf_c_caller.o
 .debug_macro   0x00000cb6       0x24 ./Core/Src/bsf_c_caller.o
 .debug_macro   0x00000cda       0x24 ./Core/Src/hpf_c_caller.o
 .debug_macro   0x00000cfe       0x24 ./Core/Src/lpf_c_caller.o
 .debug_macro   0x00000d22      0x34b ./Core/Src/main.o
 .debug_macro   0x0000106d      0x167 ./Core/Src/main.o
 .debug_macro   0x000011d4       0x2e ./Core/Src/main.o
 .debug_macro   0x00001202       0x28 ./Core/Src/main.o
 .debug_macro   0x0000122a       0x22 ./Core/Src/main.o
 .debug_macro   0x0000124c       0x8e ./Core/Src/main.o
 .debug_macro   0x000012da       0x51 ./Core/Src/main.o
 .debug_macro   0x0000132b      0x103 ./Core/Src/main.o
 .debug_macro   0x0000142e       0x6a ./Core/Src/main.o
 .debug_macro   0x00001498      0x1df ./Core/Src/main.o
 .debug_macro   0x00001677       0x1c ./Core/Src/main.o
 .debug_macro   0x00001693       0x22 ./Core/Src/main.o
 .debug_macro   0x000016b5       0xfb ./Core/Src/main.o
 .debug_macro   0x000017b0     0x1011 ./Core/Src/main.o
 .debug_macro   0x000027c1      0x11f ./Core/Src/main.o
 .debug_macro   0x000028e0    0x18b8c ./Core/Src/main.o
 .debug_macro   0x0001b46c       0x6d ./Core/Src/main.o
 .debug_macro   0x0001b4d9     0x3558 ./Core/Src/main.o
 .debug_macro   0x0001ea31       0x5c ./Core/Src/main.o
 .debug_macro   0x0001ea8d     0x171f ./Core/Src/main.o
 .debug_macro   0x000201ac      0x600 ./Core/Src/main.o
 .debug_macro   0x000207ac      0x1b6 ./Core/Src/main.o
 .debug_macro   0x00020962      0x34a ./Core/Src/main.o
 .debug_macro   0x00020cac      0x53c ./Core/Src/main.o
 .debug_macro   0x000211e8      0x18b ./Core/Src/main.o
 .debug_macro   0x00021373       0x43 ./Core/Src/main.o
 .debug_macro   0x000213b6      0x23d ./Core/Src/main.o
 .debug_macro   0x000215f3     0x1112 ./Core/Src/main.o
 .debug_macro   0x00022705      0x72e ./Core/Src/main.o
 .debug_macro   0x00022e33      0x391 ./Core/Src/main.o
 .debug_macro   0x000231c4      0x209 ./Core/Src/main.o
 .debug_macro   0x000233cd      0x107 ./Core/Src/main.o
 .debug_macro   0x000234d4      0x211 ./Core/Src/main.o
 .debug_macro   0x000236e5      0x45c ./Core/Src/main.o
 .debug_macro   0x00023b41      0x11c ./Core/Src/main.o
 .debug_macro   0x00023c5d      0x122 ./Core/Src/main.o
 .debug_macro   0x00023d7f      0x3d1 ./Core/Src/main.o
 .debug_macro   0x00024150      0xc0b ./Core/Src/main.o
 .debug_macro   0x00024d5b      0x718 ./Core/Src/main.o
 .debug_macro   0x00025473      0x693 ./Core/Src/main.o
 .debug_macro   0x00025b06       0xa6 ./Core/Src/main.o
 .debug_macro   0x00025bac      0x358 ./Core/Src/main.o
 .debug_macro   0x00025f04       0x52 ./Core/Src/main.o
 .debug_macro   0x00025f56       0x22 ./Core/Src/main.o
 .debug_macro   0x00025f78      0x100 ./Core/Src/main.o
 .debug_macro   0x00026078       0x61 ./Core/Src/main.o
 .debug_macro   0x000260d9       0x2a ./Core/Src/main.o
 .debug_macro   0x00026103       0x43 ./Core/Src/main.o
 .debug_macro   0x00026146       0x34 ./Core/Src/main.o
 .debug_macro   0x0002617a       0x16 ./Core/Src/main.o
 .debug_macro   0x00026190       0x3c ./Core/Src/main.o
 .debug_macro   0x000261cc      0x370 ./Core/Src/main.o
 .debug_macro   0x0002653c       0x10 ./Core/Src/main.o
 .debug_macro   0x0002654c       0x16 ./Core/Src/main.o
 .debug_macro   0x00026562       0x4a ./Core/Src/main.o
 .debug_macro   0x000265ac       0x34 ./Core/Src/main.o
 .debug_macro   0x000265e0       0x10 ./Core/Src/main.o
 .debug_macro   0x000265f0       0x58 ./Core/Src/main.o
 .debug_macro   0x00026648       0x8e ./Core/Src/main.o
 .debug_macro   0x000266d6       0x1c ./Core/Src/main.o
 .debug_macro   0x000266f2      0x185 ./Core/Src/main.o
 .debug_macro   0x00026877       0x16 ./Core/Src/main.o
 .debug_macro   0x0002688d       0x16 ./Core/Src/main.o
 .debug_macro   0x000268a3      0x146 ./Core/Src/main.o
 .debug_macro   0x000269e9       0x70 ./Core/Src/main.o
 .debug_macro   0x00026a59      0x30d ./Core/Src/stm32g4xx_hal_msp.o
 .debug_macro   0x00026d66      0x317 ./Core/Src/stm32g4xx_it.o
 .debug_macro   0x0002707d      0x205 ./Core/Src/system_stm32g4xx.o
 .debug_macro   0x00027282      0x232 ./Drivers/BSP/STM32G4xx_Nucleo/stm32g4xx_nucleo.o
 .debug_macro   0x000274b4       0x1c ./Drivers/BSP/STM32G4xx_Nucleo/stm32g4xx_nucleo.o
 .debug_macro   0x000274d0      0x253 ./Drivers/STM32G4xx_HAL_Driver/Src/stm32g4xx_hal.o
 .debug_macro   0x00027723      0x222 ./Drivers/STM32G4xx_HAL_Driver/Src/stm32g4xx_hal_adc.o
 .debug_macro   0x00027945      0x211 ./Drivers/STM32G4xx_HAL_Driver/Src/stm32g4xx_hal_adc_ex.o
 .debug_macro   0x00027b56      0x205 ./Drivers/STM32G4xx_HAL_Driver/Src/stm32g4xx_hal_cortex.o
 .debug_macro   0x00027d5b      0x21b ./Drivers/STM32G4xx_HAL_Driver/Src/stm32g4xx_hal_dac.o
 .debug_macro   0x00027f76      0x211 ./Drivers/STM32G4xx_HAL_Driver/Src/stm32g4xx_hal_exti.o
 .debug_macro   0x00028187      0x20c ./Drivers/STM32G4xx_HAL_Driver/Src/stm32g4xx_hal_gpio.o
 .debug_macro   0x00028393      0x22f ./Drivers/STM32G4xx_HAL_Driver/Src/stm32g4xx_hal_pwr_ex.o
 .debug_macro   0x000285c2      0x247 ./Drivers/STM32G4xx_HAL_Driver/Src/stm32g4xx_hal_rcc.o
 .debug_macro   0x00028809      0x22f ./Drivers/STM32G4xx_HAL_Driver/Src/stm32g4xx_hal_rcc_ex.o
 .debug_macro   0x00028a38      0x20d ./Drivers/STM32G4xx_HAL_Driver/Src/stm32g4xx_hal_tim.o
 .debug_macro   0x00028c45      0x20b ./Drivers/STM32G4xx_HAL_Driver/Src/stm32g4xx_hal_tim_ex.o
 .debug_macro   0x00028e50      0x230 ./Drivers/STM32G4xx_HAL_Driver/Src/stm32g4xx_hal_uart.o

.debug_line     0x00000000    0x177cf
 .debug_line    0x00000000      0x163 ./Core/Src/apf_c_caller.o
 .debug_line    0x00000163      0x179 ./Core/Src/bpf_c_caller.o
 .debug_line    0x000002dc      0x179 ./Core/Src/bsf_c_caller.o
 .debug_line    0x00000455      0x163 ./Core/Src/hpf_c_caller.o
 .debug_line    0x000005b8      0x163 ./Core/Src/lpf_c_caller.o
 .debug_line    0x0000071b      0xbf0 ./Core/Src/main.o
 .debug_line    0x0000130b      0x9cc ./Core/Src/stm32g4xx_hal_msp.o
 .debug_line    0x00001cd7      0x9c9 ./Core/Src/stm32g4xx_it.o
 .debug_line    0x000026a0      0x7a3 ./Core/Src/system_stm32g4xx.o
 .debug_line    0x00002e43       0x7b ./Core/Startup/startup_stm32g474retx.o
 .debug_line    0x00002ebe      0xac2 ./Drivers/BSP/STM32G4xx_Nucleo/stm32g4xx_nucleo.o
 .debug_line    0x00003980      0xb6f ./Drivers/STM32G4xx_HAL_Driver/Src/stm32g4xx_hal.o
 .debug_line    0x000044ef     0x223e ./Drivers/STM32G4xx_HAL_Driver/Src/stm32g4xx_hal_adc.o
 .debug_line    0x0000672d     0x1b96 ./Drivers/STM32G4xx_HAL_Driver/Src/stm32g4xx_hal_adc_ex.o
 .debug_line    0x000082c3      0xcd4 ./Drivers/STM32G4xx_HAL_Driver/Src/stm32g4xx_hal_cortex.o
 .debug_line    0x00008f97      0xcdf ./Drivers/STM32G4xx_HAL_Driver/Src/stm32g4xx_hal_dac.o
 .debug_line    0x00009c76      0xaaf ./Drivers/STM32G4xx_HAL_Driver/Src/stm32g4xx_hal_exti.o
 .debug_line    0x0000a725      0xb48 ./Drivers/STM32G4xx_HAL_Driver/Src/stm32g4xx_hal_gpio.o
 .debug_line    0x0000b26d      0xcce ./Drivers/STM32G4xx_HAL_Driver/Src/stm32g4xx_hal_pwr_ex.o
 .debug_line    0x0000bf3b      0xff2 ./Drivers/STM32G4xx_HAL_Driver/Src/stm32g4xx_hal_rcc.o
 .debug_line    0x0000cf2d     0x1267 ./Drivers/STM32G4xx_HAL_Driver/Src/stm32g4xx_hal_rcc_ex.o
 .debug_line    0x0000e194     0x4008 ./Drivers/STM32G4xx_HAL_Driver/Src/stm32g4xx_hal_tim.o
 .debug_line    0x0001219c     0x2076 ./Drivers/STM32G4xx_HAL_Driver/Src/stm32g4xx_hal_tim_ex.o
 .debug_line    0x00014212     0x35bd ./Drivers/STM32G4xx_HAL_Driver/Src/stm32g4xx_hal_uart.o

.debug_str      0x00000000   0x115b64
 .debug_str     0x00000000   0x115b64 ./Core/Src/apf_c_caller.o
                               0x321f (size before relaxing)
 .debug_str     0x00115b64     0x321f ./Core/Src/bpf_c_caller.o
 .debug_str     0x00115b64     0x321f ./Core/Src/bsf_c_caller.o
 .debug_str     0x00115b64     0x321f ./Core/Src/hpf_c_caller.o
 .debug_str     0x00115b64     0x3221 ./Core/Src/lpf_c_caller.o
 .debug_str     0x00115b64   0x1101f4 ./Core/Src/main.o
 .debug_str     0x00115b64   0x1102ab ./Core/Src/stm32g4xx_hal_msp.o
 .debug_str     0x00115b64   0x10f490 ./Core/Src/stm32g4xx_it.o
 .debug_str     0x00115b64   0x10aea5 ./Core/Src/system_stm32g4xx.o
 .debug_str     0x00115b64       0x72 ./Core/Startup/startup_stm32g474retx.o
 .debug_str     0x00115b64   0x10c787 ./Drivers/BSP/STM32G4xx_Nucleo/stm32g4xx_nucleo.o
 .debug_str     0x00115b64   0x10bbb7 ./Drivers/STM32G4xx_HAL_Driver/Src/stm32g4xx_hal.o
 .debug_str     0x00115b64   0x10bed2 ./Drivers/STM32G4xx_HAL_Driver/Src/stm32g4xx_hal_adc.o
 .debug_str     0x00115b64   0x10be78 ./Drivers/STM32G4xx_HAL_Driver/Src/stm32g4xx_hal_adc_ex.o
 .debug_str     0x00115b64   0x10b873 ./Drivers/STM32G4xx_HAL_Driver/Src/stm32g4xx_hal_cortex.o
 .debug_str     0x00115b64   0x10b57a ./Drivers/STM32G4xx_HAL_Driver/Src/stm32g4xx_hal_dac.o
 .debug_str     0x00115b64   0x10af3f ./Drivers/STM32G4xx_HAL_Driver/Src/stm32g4xx_hal_exti.o
 .debug_str     0x00115b64   0x10b030 ./Drivers/STM32G4xx_HAL_Driver/Src/stm32g4xx_hal_gpio.o
 .debug_str     0x00115b64   0x10b393 ./Drivers/STM32G4xx_HAL_Driver/Src/stm32g4xx_hal_pwr_ex.o
 .debug_str     0x00115b64   0x10b5c4 ./Drivers/STM32G4xx_HAL_Driver/Src/stm32g4xx_hal_rcc.o
 .debug_str     0x00115b64   0x10b5ee ./Drivers/STM32G4xx_HAL_Driver/Src/stm32g4xx_hal_rcc_ex.o
 .debug_str     0x00115b64   0x10c3a3 ./Drivers/STM32G4xx_HAL_Driver/Src/stm32g4xx_hal_tim.o
 .debug_str     0x00115b64   0x10c017 ./Drivers/STM32G4xx_HAL_Driver/Src/stm32g4xx_hal_tim_ex.o
 .debug_str     0x00115b64   0x10be60 ./Drivers/STM32G4xx_HAL_Driver/Src/stm32g4xx_hal_uart.o

.comment        0x00000000       0x43
 .comment       0x00000000       0x43 ./Core/Src/apf_c_caller.o
                                 0x44 (size before relaxing)
 .comment       0x00000043       0x44 ./Core/Src/bpf_c_caller.o
 .comment       0x00000043       0x44 ./Core/Src/bsf_c_caller.o
 .comment       0x00000043       0x44 ./Core/Src/hpf_c_caller.o
 .comment       0x00000043       0x44 ./Core/Src/lpf_c_caller.o
 .comment       0x00000043       0x44 ./Core/Src/main.o
 .comment       0x00000043       0x44 ./Core/Src/stm32g4xx_hal_msp.o
 .comment       0x00000043       0x44 ./Core/Src/stm32g4xx_it.o
 .comment       0x00000043       0x44 ./Core/Src/system_stm32g4xx.o
 .comment       0x00000043       0x44 ./Drivers/BSP/STM32G4xx_Nucleo/stm32g4xx_nucleo.o
 .comment       0x00000043       0x44 ./Drivers/STM32G4xx_HAL_Driver/Src/stm32g4xx_hal.o
 .comment       0x00000043       0x44 ./Drivers/STM32G4xx_HAL_Driver/Src/stm32g4xx_hal_adc.o
 .comment       0x00000043       0x44 ./Drivers/STM32G4xx_HAL_Driver/Src/stm32g4xx_hal_adc_ex.o
 .comment       0x00000043       0x44 ./Drivers/STM32G4xx_HAL_Driver/Src/stm32g4xx_hal_cortex.o
 .comment       0x00000043       0x44 ./Drivers/STM32G4xx_HAL_Driver/Src/stm32g4xx_hal_dac.o
 .comment       0x00000043       0x44 ./Drivers/STM32G4xx_HAL_Driver/Src/stm32g4xx_hal_exti.o
 .comment       0x00000043       0x44 ./Drivers/STM32G4xx_HAL_Driver/Src/stm32g4xx_hal_gpio.o
 .comment       0x00000043       0x44 ./Drivers/STM32G4xx_HAL_Driver/Src/stm32g4xx_hal_pwr_ex.o
 .comment       0x00000043       0x44 ./Drivers/STM32G4xx_HAL_Driver/Src/stm32g4xx_hal_rcc.o
 .comment       0x00000043       0x44 ./Drivers/STM32G4xx_HAL_Driver/Src/stm32g4xx_hal_rcc_ex.o
 .comment       0x00000043       0x44 ./Drivers/STM32G4xx_HAL_Driver/Src/stm32g4xx_hal_tim.o
 .comment       0x00000043       0x44 ./Drivers/STM32G4xx_HAL_Driver/Src/stm32g4xx_hal_tim_ex.o
 .comment       0x00000043       0x44 ./Drivers/STM32G4xx_HAL_Driver/Src/stm32g4xx_hal_uart.o

.debug_frame    0x00000000     0x5f00
 .debug_frame   0x00000000       0x58 ./Core/Src/apf_c_caller.o
 .debug_frame   0x00000058       0x58 ./Core/Src/bpf_c_caller.o
 .debug_frame   0x000000b0       0x58 ./Core/Src/bsf_c_caller.o
 .debug_frame   0x00000108       0x58 ./Core/Src/hpf_c_caller.o
 .debug_frame   0x00000160       0x58 ./Core/Src/lpf_c_caller.o
 .debug_frame   0x000001b8      0x120 ./Core/Src/main.o
 .debug_frame   0x000002d8      0x118 ./Core/Src/stm32g4xx_hal_msp.o
 .debug_frame   0x000003f0      0x13c ./Core/Src/stm32g4xx_it.o
 .debug_frame   0x0000052c       0x58 ./Core/Src/system_stm32g4xx.o
 .debug_frame   0x00000584      0x31c ./Drivers/BSP/STM32G4xx_Nucleo/stm32g4xx_nucleo.o
 .debug_frame   0x000008a0      0x500 ./Drivers/STM32G4xx_HAL_Driver/Src/stm32g4xx_hal.o
 .debug_frame   0x00000da0      0xacc ./Drivers/STM32G4xx_HAL_Driver/Src/stm32g4xx_hal_adc.o
 .debug_frame   0x0000186c      0x81c ./Drivers/STM32G4xx_HAL_Driver/Src/stm32g4xx_hal_adc_ex.o
 .debug_frame   0x00002088      0x4e8 ./Drivers/STM32G4xx_HAL_Driver/Src/stm32g4xx_hal_cortex.o
 .debug_frame   0x00002570      0x338 ./Drivers/STM32G4xx_HAL_Driver/Src/stm32g4xx_hal_dac.o
 .debug_frame   0x000028a8      0x174 ./Drivers/STM32G4xx_HAL_Driver/Src/stm32g4xx_hal_exti.o
 .debug_frame   0x00002a1c      0x14c ./Drivers/STM32G4xx_HAL_Driver/Src/stm32g4xx_hal_gpio.o
 .debug_frame   0x00002b68      0x4fc ./Drivers/STM32G4xx_HAL_Driver/Src/stm32g4xx_hal_pwr_ex.o
 .debug_frame   0x00003064      0x23c ./Drivers/STM32G4xx_HAL_Driver/Src/stm32g4xx_hal_rcc.o
 .debug_frame   0x000032a0      0x2ac ./Drivers/STM32G4xx_HAL_Driver/Src/stm32g4xx_hal_rcc_ex.o
 .debug_frame   0x0000354c     0x1220 ./Drivers/STM32G4xx_HAL_Driver/Src/stm32g4xx_hal_tim.o
 .debug_frame   0x0000476c      0xa70 ./Drivers/STM32G4xx_HAL_Driver/Src/stm32g4xx_hal_tim_ex.o
 .debug_frame   0x000051dc      0xa94 ./Drivers/STM32G4xx_HAL_Driver/Src/stm32g4xx_hal_uart.o
 .debug_frame   0x00005c70       0x20 /home/goma/st/stm32cubeide_1.19.0/plugins/com.st.stm32cube.ide.mcu.externaltools.gnu-tools-for-stm32.13.3.rel1.linux64_1.0.0.202410170706/tools/bin/../lib/gcc/arm-none-eabi/13.3.1/../../../../arm-none-eabi/lib/thumb/v7e-m+fp/hard/libc_nano.a(libc_a-memset.o)
 .debug_frame   0x00005c90       0x2c /home/goma/st/stm32cubeide_1.19.0/plugins/com.st.stm32cube.ide.mcu.externaltools.gnu-tools-for-stm32.13.3.rel1.linux64_1.0.0.202410170706/tools/bin/../lib/gcc/arm-none-eabi/13.3.1/../../../../arm-none-eabi/lib/thumb/v7e-m+fp/hard/libc_nano.a(libc_a-init.o)
 .debug_frame   0x00005cbc       0xac /home/goma/st/stm32cubeide_1.19.0/plugins/com.st.stm32cube.ide.mcu.externaltools.gnu-tools-for-stm32.13.3.rel1.linux64_1.0.0.202410170706/tools/bin/../lib/gcc/arm-none-eabi/13.3.1/thumb/v7e-m+fp/hard/libgcc.a(_arm_addsubdf3.o)
 .debug_frame   0x00005d68       0x50 /home/goma/st/stm32cubeide_1.19.0/plugins/com.st.stm32cube.ide.mcu.externaltools.gnu-tools-for-stm32.13.3.rel1.linux64_1.0.0.202410170706/tools/bin/../lib/gcc/arm-none-eabi/13.3.1/thumb/v7e-m+fp/hard/libgcc.a(_arm_muldivdf3.o)
 .debug_frame   0x00005db8       0xc4 /home/goma/st/stm32cubeide_1.19.0/plugins/com.st.stm32cube.ide.mcu.externaltools.gnu-tools-for-stm32.13.3.rel1.linux64_1.0.0.202410170706/tools/bin/../lib/gcc/arm-none-eabi/13.3.1/thumb/v7e-m+fp/hard/libgcc.a(_arm_cmpdf2.o)
 .debug_frame   0x00005e7c       0x24 /home/goma/st/stm32cubeide_1.19.0/plugins/com.st.stm32cube.ide.mcu.externaltools.gnu-tools-for-stm32.13.3.rel1.linux64_1.0.0.202410170706/tools/bin/../lib/gcc/arm-none-eabi/13.3.1/thumb/v7e-m+fp/hard/libgcc.a(_arm_fixunsdfsi.o)
 .debug_frame   0x00005ea0       0x2c /home/goma/st/stm32cubeide_1.19.0/plugins/com.st.stm32cube.ide.mcu.externaltools.gnu-tools-for-stm32.13.3.rel1.linux64_1.0.0.202410170706/tools/bin/../lib/gcc/arm-none-eabi/13.3.1/thumb/v7e-m+fp/hard/libgcc.a(_aeabi_uldivmod.o)
 .debug_frame   0x00005ecc       0x34 /home/goma/st/stm32cubeide_1.19.0/plugins/com.st.stm32cube.ide.mcu.externaltools.gnu-tools-for-stm32.13.3.rel1.linux64_1.0.0.202410170706/tools/bin/../lib/gcc/arm-none-eabi/13.3.1/thumb/v7e-m+fp/hard/libgcc.a(_udivmoddi4.o)

.debug_line_str
                0x00000000       0x56
 .debug_line_str
                0x00000000       0x56 ./Core/Startup/startup_stm32g474retx.o
